\BOOKMARK [1][]{section.1}{\376\377\116\000\060\001\000\040\230\171\166\356\173\200\116\313}{}% 1
\BOOKMARK [2][]{subsection.1.1}{\376\377\0001\000.\0001\000\040\214\003\147\345\200\314\146\157}{section.1}% 2
\BOOKMARK [3][]{subsubsection.1.1.1}{\376\377\0001\000.\0001\000.\0001\000\040\145\077\173\126\200\314\146\157\377\032\126\375\133\266\116\016\155\131\154\137\167\001\126\152\130\360\154\141\147\323\226\062\154\273\145\077\173\126\133\374\124\021}{subsection.1.1}% 3
\BOOKMARK [3][]{subsubsection.1.1.2}{\376\377\0001\000.\0001\000.\0002\000\040\163\260\133\236\126\376\146\157\377\032\155\131\154\137\167\001\163\257\130\203\126\152\130\360\154\141\147\323\225\356\230\230\121\370\146\076}{subsection.1.1}% 4
\BOOKMARK [3][]{subsubsection.1.1.3}{\376\377\0001\000.\0001\000.\0003\000\040\154\021\165\037\213\311\154\102\377\032\127\372\116\216\126\152\130\360\142\225\213\311\145\207\147\054\166\204\165\333\160\271\143\026\143\230}{subsection.1.1}% 5
\BOOKMARK [2][]{subsection.1.2}{\376\377\0001\000.\0002\000\040\145\207\163\056\176\374\217\360}{section.1}% 6
\BOOKMARK [2][]{subsection.1.3}{\376\377\0001\000.\0003\000\040\214\003\147\345\166\356\166\204}{section.1}% 7
\BOOKMARK [2][]{subsection.1.4}{\376\377\0001\000.\0004\000\040\214\003\147\345\141\017\116\111}{section.1}% 8
\BOOKMARK [3][]{subsubsection.1.4.1}{\376\377\0001\000.\0004\000.\0001\000\040\133\236\215\365\141\017\116\111}{subsection.1.4}% 9
\BOOKMARK [3][]{subsubsection.1.4.2}{\376\377\0001\000.\0004\000.\0002\000\040\164\006\213\272\141\017\116\111}{subsection.1.4}% 10
\BOOKMARK [1][]{section.2}{\376\377\116\214\060\001\000\040\214\003\147\345\145\271\150\110\213\276\213\241}{}% 11
\BOOKMARK [2][]{subsection.2.1}{\376\377\0002\000.\0001\000\040\214\003\147\345\133\371\214\141\123\312\203\003\126\364\165\114\133\232}{section.2}% 12
\BOOKMARK [3][]{subsubsection.2.1.1}{\376\377\0002\000.\0001\000.\0001\000\040\214\003\147\345\133\371\214\141}{subsection.2.1}% 13
\BOOKMARK [3][]{subsubsection.2.1.2}{\376\377\0002\000.\0001\000.\0002\000\040\214\003\147\345\203\003\126\364}{subsection.2.1}% 14
\BOOKMARK [2][]{subsection.2.2}{\376\377\0002\000.\0002\000\040\214\003\147\345\145\271\154\325}{section.2}% 15
\BOOKMARK [3][]{subsubsection.2.2.1}{\376\377\0002\000.\0002\000.\0001\000\040\145\207\163\056\214\003\147\345\154\325}{subsection.2.2}% 16
\BOOKMARK [3][]{subsubsection.2.2.2}{\376\377\0002\000.\0002\000.\0002\000\040\225\356\123\167\214\003\147\345\154\325}{subsection.2.2}% 17
\BOOKMARK [3][]{subsubsection.2.2.3}{\376\377\0002\000.\0002\000.\0003\000\040\213\277\214\010\214\003\147\345\154\325}{subsection.2.2}% 18
\BOOKMARK [2][]{subsection.2.3}{\376\377\0002\000.\0003\000\040\170\024\172\166\213\276\213\241}{section.2}% 19
\BOOKMARK [3][]{subsubsection.2.3.1}{\376\377\0002\000.\0003\000.\0001\000\040\225\356\123\167\213\276\213\241}{subsection.2.3}% 20
\BOOKMARK [3][]{subsubsection.2.3.2}{\376\377\0002\000.\0003\000.\0002\000\040\213\277\214\010\213\276\213\241}{subsection.2.3}% 21
\BOOKMARK [2][]{subsection.2.4}{\376\377\0002\000.\0004\000\040\150\067\147\054\133\271\221\317\170\156\133\232}{section.2}% 22
\BOOKMARK [3][]{subsubsection.2.4.1}{\376\377\0002\000.\0004\000.\0001\000\040\225\356\123\167\230\204\123\321\145\076}{subsection.2.4}% 23
\BOOKMARK [3][]{subsubsection.2.4.2}{\376\377\0002\000.\0004\000.\0002\000\040\213\241\173\227\150\067\147\054\133\271\221\317}{subsection.2.4}% 24
\BOOKMARK [2][]{subsection.2.5}{\376\377\0002\000.\0005\000\040\225\356\123\167\126\336\145\066\140\305\121\265}{section.2}% 25
\BOOKMARK [2][]{subsection.2.6}{\376\377\0002\000.\0006\000\040\225\356\123\167\213\357\135\356\122\006\147\220}{section.2}% 26
\BOOKMARK [3][]{subsubsection.2.6.1}{\376\377\0002\000.\0006\000.\0001\000\040\142\275\150\067\213\357\135\356}{subsection.2.6}% 27
\BOOKMARK [3][]{subsubsection.2.6.2}{\376\377\0002\000.\0006\000.\0002\000\040\227\136\142\275\150\067\213\357\135\356}{subsection.2.6}% 28
\BOOKMARK [3][]{subsubsection.2.6.3}{\376\377\0002\000.\0006\000.\0003\000\040\213\357\135\356\143\247\122\066}{subsection.2.6}% 29
\BOOKMARK [1][]{section.3}{\376\377\116\011\060\001\000\040\145\160\143\156\230\204\131\004\164\006}{}% 30
\BOOKMARK [2][]{subsection.3.1}{\376\377\0003\000.\0001\000\040\145\160\143\156\156\005\155\027}{section.3}% 31
\BOOKMARK [2][]{subsection.3.2}{\376\377\0003\000.\0002\000\040\177\072\131\061\120\074\131\004\164\006}{section.3}% 32
\BOOKMARK [2][]{subsection.3.3}{\376\377\0003\000.\0003\000\040\145\160\143\156\177\026\170\001}{section.3}% 33
\BOOKMARK [1][]{section.4}{\376\377\126\333\060\001\000\040\225\356\123\167\215\050\221\317\122\006\147\220}{}% 34
\BOOKMARK [2][]{subsection.4.1}{\376\377\0004\000.\0001\000\040\226\217\147\072\140\047\150\300\232\214}{section.4}% 35
\BOOKMARK [2][]{subsection.4.2}{\376\377\0004\000.\0002\000\040\166\370\121\163\140\047\122\006\147\220}{section.4}% 36
\BOOKMARK [2][]{subsection.4.3}{\376\377\0004\000.\0003\000\040\117\341\136\246\122\006\147\220}{section.4}% 37
\BOOKMARK [2][]{subsection.4.4}{\376\377\0004\000.\0004\000\040\145\110\136\246\150\300\232\214}{section.4}% 38
\BOOKMARK [1][]{section.5}{\376\377\116\224\060\001\000\040\143\317\217\360\140\047\176\337\213\241\122\006\147\220}{}% 39
\BOOKMARK [2][]{subsection.5.1}{\376\377\0005\000.\0001\000\040\123\327\213\277\200\005\150\067\147\054\162\171\137\201\122\006\147\220}{section.5}% 40
\BOOKMARK [3][]{subsubsection.5.1.1}{\376\377\0005\000.\0001\000.\0001\000\040\116\272\123\343\176\337\213\241\133\146\162\171\137\201}{subsection.5.1}% 41
\BOOKMARK [3][]{subsubsection.5.1.2}{\376\377\0005\000.\0001\000.\0002\000\040\165\037\155\073\162\266\140\001\162\171\137\201}{subsection.5.1}% 42
\BOOKMARK [2][]{subsection.5.2}{\376\377\0005\000.\0002\000\040\126\152\130\360\146\264\227\062\116\016\141\037\167\345\145\164\117\123\140\305\121\265}{section.5}% 43
\BOOKMARK [3][]{subsubsection.5.2.1}{\376\377\0005\000.\0002\000.\0001\000\040\126\152\130\360\126\360\142\160\172\013\136\246\122\006\136\003}{subsection.5.2}% 44
\BOOKMARK [3][]{subsubsection.5.2.2}{\376\377\0005\000.\0002\000.\0002\000\040\124\004\174\173\126\152\130\360\156\220\136\162\142\160\162\171\137\201}{subsection.5.2}% 45
\BOOKMARK [3][]{subsubsection.5.2.3}{\376\377\0005\000.\0002\000.\0003\000\040\126\152\130\360\137\161\124\315\145\366\153\265\116\016\215\335\171\273\162\171\137\201}{subsection.5.2}% 46
\BOOKMARK [2][]{subsection.5.3}{\376\377\0005\000.\0003\000\040\130\360\163\257\130\203\213\244\167\345\163\260\162\266}{section.5}% 47
\BOOKMARK [3][]{subsubsection.5.3.1}{\376\377\0005\000.\0003\000.\0001\000\040\130\360\163\257\130\203\116\016\154\273\164\006\156\341\141\017\136\246\213\304\116\367}{subsection.5.3}% 48
\BOOKMARK [3][]{subsubsection.5.3.2}{\376\377\0005\000.\0003\000.\0002\000\040\134\105\154\021\136\224\133\371\145\271\137\017\122\006\147\220}{subsection.5.3}% 49
\BOOKMARK [3][]{subsubsection.5.3.3}{\376\377\0005\000.\0003\000.\0003\000\040\126\152\130\360\154\273\164\006\213\244\167\345\116\016\227\000\154\102}{subsection.5.3}% 50
\BOOKMARK [1][]{section.6}{\376\377\121\155\060\001\000\040\126\152\130\360\137\161\124\315\176\364\136\246\166\204\143\242\175\042\140\047\126\340\133\120\122\006\147\220\226\115\176\364}{}% 51
\BOOKMARK [2][]{subsection.6.1}{\376\377\0006\000.\0001\000\040\220\002\165\050\140\047\150\300\232\214}{section.6}% 52
\BOOKMARK [2][]{subsection.6.2}{\376\377\0006\000.\0002\000\040\126\152\130\360\137\161\124\315\166\204\126\333\176\364\126\340\133\120\211\343\147\204}{section.6}% 53
\BOOKMARK [3][]{subsubsection.6.2.1}{\376\377\0006\000.\0002\000.\0001\000\040\121\154\126\340\133\120\145\271\135\356\211\343\221\312}{subsection.6.2}% 54
\BOOKMARK [3][]{subsubsection.6.2.2}{\376\377\0006\000.\0002\000.\0002\000\040\121\154\126\340\133\120\143\320\123\326\116\016\124\175\124\015}{subsection.6.2}% 55
\BOOKMARK [2][]{subsection.6.3}{\376\377\0006\000.\0003\000\040\121\154\126\340\133\120\137\227\122\006\116\016\147\103\221\315\213\241\173\227}{section.6}% 56
\BOOKMARK [3][]{subsubsection.6.3.1}{\376\377\0006\000.\0003\000.\0001\000\040\121\154\126\340\133\120\137\227\122\006\213\241\173\227}{subsection.6.3}% 57
\BOOKMARK [3][]{subsubsection.6.3.2}{\376\377\0006\000.\0003\000.\0002\000\040\147\103\221\315\170\156\133\232\116\016\176\374\124\010\213\304\116\367\152\041\127\213\147\204\136\372}{subsection.6.3}% 58
\BOOKMARK [1][]{section.7}{\376\377\116\003\060\001\000\040\126\152\130\360\141\037\167\345\116\272\177\244\166\204\200\132\174\173\122\006\147\220}{}% 59
\BOOKMARK [2][]{subsection.7.1}{\376\377\0007\000.\0001\000\040\200\132\174\173\145\271\154\325\116\016\147\000\117\030\174\173\122\053\145\160\170\156\133\232}{section.7}% 60
\BOOKMARK [2][]{subsection.7.2}{\376\377\0007\000.\0002\000\040\200\132\174\173\176\323\147\234\116\016\116\272\177\244\165\073\120\317}{section.7}% 61
\BOOKMARK [1][]{section.8}{\376\377\121\153\060\001\000\040\127\372\116\216\147\011\136\217\000L\000o\000g\000i\000s\000t\000i\000c\126\336\137\122\166\204\130\360\163\257\130\203\156\341\141\017\136\246\137\161\124\315\126\340\175\040\122\006\147\220}{}% 62
\BOOKMARK [2][]{subsection.8.1}{\376\377\0008\000.\0001\000\040\123\330\221\317\133\232\116\111}{section.8}% 63
\BOOKMARK [3][]{subsubsection.8.1.1}{\376\377\0008\000.\0001\000.\0001\000\040\201\352\123\330\221\317\123\141\145\271\150\300\232\214}{subsection.8.1}% 64
\BOOKMARK [3][]{subsubsection.8.1.2}{\376\377\0008\000.\0001\000.\0002\000\040\123\330\221\317\213\276\213\241}{subsection.8.1}% 65
\BOOKMARK [2][]{subsection.8.2}{\376\377\0008\000.\0002\000\040\147\011\136\217\000L\000o\000g\000i\000s\000t\000i\000c\126\336\137\122\152\041\127\213\213\276\133\232}{section.8}% 66
\BOOKMARK [2][]{subsection.8.3}{\376\377\0008\000.\0003\000\040\152\041\127\213\150\300\232\214}{section.8}% 67
\BOOKMARK [3][]{subsubsection.8.3.1}{\376\377\0008\000.\0003\000.\0001\000\040\136\163\210\114\140\047\150\300\232\214}{subsection.8.3}% 68
\BOOKMARK [3][]{subsubsection.8.3.2}{\376\377\0008\000.\0003\000.\0002\000\040\131\032\221\315\121\161\176\277\140\047\150\300\232\214}{subsection.8.3}% 69
\BOOKMARK [3][]{subsubsection.8.3.3}{\376\377\0008\000.\0003\000.\0003\000\040\152\041\127\213\142\337\124\010\117\030\136\246\150\300\232\214}{subsection.8.3}% 70
\BOOKMARK [2][]{subsection.8.4}{\376\377\0008\000.\0004\000\040\126\336\137\122\176\323\147\234\122\006\147\220}{section.8}% 71
\BOOKMARK [3][]{subsubsection.8.4.1}{\376\377\0008\000.\0004\000.\0001\000\040\123\302\145\160\117\060\213\241\176\323\147\234}{subsection.8.4}% 72
\BOOKMARK [3][]{subsubsection.8.4.2}{\376\377\0008\000.\0004\000.\0002\000\040\176\323\147\234\211\343\213\373}{subsection.8.4}% 73
\BOOKMARK [2][]{subsection.8.5}{\376\377\0008\000.\0005\000\040\152\041\127\213\172\063\120\145\140\047\150\300\232\214}{section.8}% 74
\BOOKMARK [1][]{section.9}{\376\377\116\135\060\001\000\040\127\372\116\216\176\323\147\204\145\271\172\013\152\041\127\213\166\204\126\152\130\360\137\161\124\315\117\040\133\374\147\072\122\066}{}% 75
\BOOKMARK [2][]{subsection.9.1}{\376\377\0009\000.\0001\000\040\152\041\127\213\213\276\133\232}{section.9}% 76
\BOOKMARK [2][]{subsection.9.2}{\376\377\0009\000.\0002\000\040\152\041\127\213\142\337\124\010\116\016\215\357\137\204\122\006\147\220}{section.9}% 77
\BOOKMARK [1][]{section.10}{\376\377\123\101\060\001\000\040\121\263\173\126\151\202\163\207\116\016\154\273\164\006\136\372\213\256}{}% 78
\BOOKMARK [2][]{subsection.10.1}{\376\377\0001\0000\000.\0001\000\040\127\372\176\277\121\263\173\126\151\202\163\207}{section.10}% 79
\BOOKMARK [2][]{subsection.10.2}{\376\377\0001\0000\000.\0002\000\040\123\357\136\162\230\204\123\330\221\317\166\204\136\163\127\107\217\271\226\105\145\110\136\224}{section.10}% 80
\BOOKMARK [2][]{subsection.10.3}{\376\377\0001\0000\000.\0003\000\040\177\244\117\123\121\263\173\126\151\202\163\207\135\356\137\002}{section.10}% 81
\BOOKMARK [2][]{subsection.10.4}{\376\377\0001\0000\000.\0004\000\040\154\273\164\006\136\372\213\256\166\204\221\317\123\026\117\235\143\156}{section.10}% 82
\BOOKMARK [1][]{section.11}{\376\377\123\101\116\000\060\001\000\040\176\323\213\272\116\016\117\030\123\026\136\372\213\256}{}% 83
\BOOKMARK [2][]{subsection.11.1}{\376\377\0001\0001\000.\0001\000\040\170\024\172\166\140\073\176\323}{section.11}% 84
\BOOKMARK [2][]{subsection.11.2}{\376\377\0001\0001\000.\0002\000\040\117\030\123\026\136\372\213\256}{section.11}% 85
\BOOKMARK [3][]{subsubsection.11.2.1}{\376\377\0001\0001\000.\0002\000.\0001\000\040\145\077\136\234\154\273\164\006\134\102\227\142}{subsection.11.2}% 86
\BOOKMARK [3][]{subsubsection.11.2.2}{\376\377\0001\0001\000.\0002\000.\0002\000\040\142\200\147\057\136\224\165\050\134\102\227\142}{subsection.11.2}% 87
\BOOKMARK [3][]{subsubsection.11.2.3}{\376\377\0001\0001\000.\0002\000.\0003\000\040\121\154\117\027\123\302\116\016\134\102\227\142}{subsection.11.2}% 88
\BOOKMARK [1][]{section.12}{\376\377\123\101\116\214\060\001\000\040\170\024\172\166\134\100\226\120\116\016\134\125\147\033}{}% 89
\BOOKMARK [2][]{subsection.12.1}{\376\377\0001\0002\000.\0001\000\040\170\024\172\166\134\100\226\120}{section.12}% 90
\BOOKMARK [2][]{subsection.12.2}{\376\377\0001\0002\000.\0002\000\040\170\024\172\166\134\125\147\033}{section.12}% 91
\BOOKMARK [1][]{section*.49}{\376\377\123\302\200\003\145\207\163\056}{}% 92
\BOOKMARK [1][]{appendix.1.A}{\376\377\226\104\137\125\000\040\000A\000\040\214\003\147\345\225\356\123\167}{}% 93
\BOOKMARK [1][]{appendix.1.B}{\376\377\226\104\137\125\000\040\000B\000\040\213\277\214\010\213\260\137\125\210\150}{}% 94
\BOOKMARK [2][]{subsection.1.B.1}{\376\377\0002\000.\0001\000\040\213\277\214\010\116\272\162\151\0001}{appendix.1.B}% 95
\BOOKMARK [2][]{subsection.1.B.2}{\376\377\0002\000.\0002\000\040\213\277\214\010\116\272\162\151\0002}{appendix.1.B}% 96
\BOOKMARK [1][]{appendix.1.C}{\376\377\226\104\137\125\000\040\000C\000\040\214\003\170\024\217\307\172\013\213\260\137\125}{}% 97
\BOOKMARK [1][]{appendix.1.D}{\376\377\226\104\137\125\000\040\000D\000\040\150\070\137\303\116\343\170\001}{}% 98
\BOOKMARK [2][]{subsection.1.D.1}{\376\377\0004\000.\0001\000\040\143\242\175\042\140\047\126\340\133\120\122\006\147\220}{appendix.1.D}% 99
\BOOKMARK [2][]{subsection.1.D.2}{\376\377\0004\000.\0002\000\040\200\132\174\173\122\006\147\220}{appendix.1.D}% 100
\BOOKMARK [2][]{subsection.1.D.3}{\376\377\0004\000.\0003\000\040\147\011\136\217\000L\000o\000g\000i\000s\000t\000i\000c\126\336\137\122}{appendix.1.D}% 101
\BOOKMARK [2][]{subsection.1.D.4}{\376\377\0004\000.\0004\000\040\176\323\147\204\145\271\172\013\152\041\127\213}{appendix.1.D}% 102
