This is XeTeX, Version 3.141592653-2.6-0.999998 (TeX Live 2026) (preloaded format=xelatex 2026.6.18)  21 SEP 2026 16:30
entering extended mode
 restricted \write18 enabled.
 file:line:error style messages enabled.
 %&-line parsing enabled.
**article.tex
(./article.tex
LaTeX2e <2025-11-01>
L3 programming layer <2026-01-19>
(./cumcmthesis.cls
Document Class: cumcmthesis 2017/09/16 v2.6 Standard LaTeX Template for CUMCM

(d:/Program Files (x86)/Work applications/texlive/2026/texmf-dist/tex/latex/bas
e/article.cls
Document Class: article 2025/01/22 v1.4n Standard LaTeX document class

(d:/Program Files (x86)/Work applications/texlive/2026/texmf-dist/tex/latex/bas
e/size12.clo
File: size12.clo 2025/01/22 v1.4n Standard LaTeX file (size option)
)
\c@part=\count271
\c@section=\count272
\c@subsection=\count273
\c@subsubsection=\count274
\c@paragraph=\count275
\c@subparagraph=\count276
\c@figure=\count277
\c@table=\count278
\abovecaptionskip=\skip49
\belowcaptionskip=\skip50
\bibindent=\dimen148
)
(d:/Program Files (x86)/Work applications/texlive/2026/texmf-dist/tex/generic/i
ftex/ifxetex.sty
Package: ifxetex 2019/10/25 v0.7 ifxetex legacy package. Use iftex instead.

(d:/Program Files (x86)/Work applications/texlive/2026/texmf-dist/tex/generic/i
ftex/iftex.sty
Package: iftex 2024/12/12 v1.0g TeX engine tests
))
(d:/Program Files (x86)/Work applications/texlive/2026/texmf-dist/tex/latex/cte
x/ctex.sty
(d:/Program Files (x86)/Work applications/texlive/2026/texmf-dist/tex/latex/l3k
ernel/expl3.sty
Package: expl3 2026-01-19 L3 programming layer (loader) 

(d:/Program Files (x86)/Work applications/texlive/2026/texmf-dist/tex/latex/l3b
ackend/l3backend-xetex.def
File: l3backend-xetex.def 2025-10-09 L3 backend support: XeTeX
\g__graphics_track_int=\count279
\g__pdfannot_backend_int=\count280
\g__pdfannot_backend_link_int=\count281
))
Package: ctex 2022/07/14 v2.5.10 Chinese adapter in LaTeX (CTEX)

(d:/Program Files (x86)/Work applications/texlive/2026/texmf-dist/tex/latex/cte
x/ctexhook.sty
Package: ctexhook 2022/07/14 v2.5.10 Document and package hooks (CTEX)
)
(d:/Program Files (x86)/Work applications/texlive/2026/texmf-dist/tex/latex/cte
x/ctexpatch.sty
Package: ctexpatch 2022/07/14 v2.5.10 Patching commands (CTEX)
)
(d:/Program Files (x86)/Work applications/texlive/2026/texmf-dist/tex/latex/bas
e/fix-cm.sty
Package: fix-cm 2020/11/24 v1.1t fixes to LaTeX

(d:/Program Files (x86)/Work applications/texlive/2026/texmf-dist/tex/latex/bas
e/ts1enc.def
File: ts1enc.def 2001/06/05 v3.0e (jk/car/fm) Standard LaTeX file
LaTeX Font Info:    Redeclaring font encoding TS1 on input line 47.
LaTeX Encoding Info:    Redeclaring text command \capitalcedilla (encoding TS1)
 on input line 49.
LaTeX Encoding Info:    Redeclaring text command \capitalogonek (encoding TS1) 
on input line 52.
LaTeX Encoding Info:    Redeclaring text command \capitalgrave (encoding TS1) o
n input line 55.
LaTeX Encoding Info:    Redeclaring text command \capitalacute (encoding TS1) o
n input line 56.
LaTeX Encoding Info:    Redeclaring text command \capitalcircumflex (encoding T
S1) on input line 57.
LaTeX Encoding Info:    Redeclaring text command \capitaltilde (encoding TS1) o
n input line 58.
LaTeX Encoding Info:    Redeclaring text command \capitaldieresis (encoding TS1
) on input line 59.
LaTeX Encoding Info:    Redeclaring text command \capitalhungarumlaut (encoding
 TS1) on input line 60.
LaTeX Encoding Info:    Redeclaring text command \capitalring (encoding TS1) on
 input line 61.
LaTeX Encoding Info:    Redeclaring text command \capitalcaron (encoding TS1) o
n input line 62.
LaTeX Encoding Info:    Redeclaring text command \capitalbreve (encoding TS1) o
n input line 63.
LaTeX Encoding Info:    Redeclaring text command \capitalmacron (encoding TS1) 
on input line 64.
LaTeX Encoding Info:    Redeclaring text command \capitaldotaccent (encoding TS
1) on input line 65.
LaTeX Encoding Info:    Redeclaring text command \t (encoding TS1) on input lin
e 66.
LaTeX Encoding Info:    Redeclaring text command \capitaltie (encoding TS1) on 
input line 67.
LaTeX Encoding Info:    Redeclaring text command \newtie (encoding TS1) on inpu
t line 68.
LaTeX Encoding Info:    Redeclaring text command \capitalnewtie (encoding TS1) 
on input line 69.
LaTeX Encoding Info:    Redeclaring text symbol \textcapitalcompwordmark (encod
ing TS1) on input line 70.
LaTeX Encoding Info:    Redeclaring text symbol \textascendercompwordmark (enco
ding TS1) on input line 71.
LaTeX Encoding Info:    Redeclaring text symbol \textquotestraightbase (encodin
g TS1) on input line 72.
LaTeX Encoding Info:    Redeclaring text symbol \textquotestraightdblbase (enco
ding TS1) on input line 73.
LaTeX Encoding Info:    Redeclaring text symbol \texttwelveudash (encoding TS1)
 on input line 74.
LaTeX Encoding Info:    Redeclaring text symbol \textthreequartersemdash (encod
ing TS1) on input line 75.
LaTeX Encoding Info:    Redeclaring text symbol \textleftarrow (encoding TS1) o
n input line 76.
LaTeX Encoding Info:    Redeclaring text symbol \textrightarrow (encoding TS1) 
on input line 77.
LaTeX Encoding Info:    Redeclaring text symbol \textblank (encoding TS1) on in
put line 78.
LaTeX Encoding Info:    Redeclaring text symbol \textdollar (encoding TS1) on i
nput line 79.
LaTeX Encoding Info:    Redeclaring text symbol \textquotesingle (encoding TS1)
 on input line 80.
LaTeX Encoding Info:    Redeclaring text command \textasteriskcentered (encodin
g TS1) on input line 81.
LaTeX Encoding Info:    Redeclaring text symbol \textdblhyphen (encoding TS1) o
n input line 92.
LaTeX Encoding Info:    Redeclaring text symbol \textfractionsolidus (encoding 
TS1) on input line 93.
LaTeX Encoding Info:    Redeclaring text symbol \textzerooldstyle (encoding TS1
) on input line 94.
LaTeX Encoding Info:    Redeclaring text symbol \textoneoldstyle (encoding TS1)
 on input line 95.
LaTeX Encoding Info:    Redeclaring text symbol \texttwooldstyle (encoding TS1)
 on input line 96.
LaTeX Encoding Info:    Redeclaring text symbol \textthreeoldstyle (encoding TS
1) on input line 97.
LaTeX Encoding Info:    Redeclaring text symbol \textfouroldstyle (encoding TS1
) on input line 98.
LaTeX Encoding Info:    Redeclaring text symbol \textfiveoldstyle (encoding TS1
) on input line 99.
LaTeX Encoding Info:    Redeclaring text symbol \textsixoldstyle (encoding TS1)
 on input line 100.
LaTeX Encoding Info:    Redeclaring text symbol \textsevenoldstyle (encoding TS
1) on input line 101.
LaTeX Encoding Info:    Redeclaring text symbol \texteightoldstyle (encoding TS
1) on input line 102.
LaTeX Encoding Info:    Redeclaring text symbol \textnineoldstyle (encoding TS1
) on input line 103.
LaTeX Encoding Info:    Redeclaring text symbol \textlangle (encoding TS1) on i
nput line 104.
LaTeX Encoding Info:    Redeclaring text symbol \textminus (encoding TS1) on in
put line 105.
LaTeX Encoding Info:    Redeclaring text symbol \textrangle (encoding TS1) on i
nput line 106.
LaTeX Encoding Info:    Redeclaring text symbol \textmho (encoding TS1) on inpu
t line 107.
LaTeX Encoding Info:    Redeclaring text symbol \textbigcircle (encoding TS1) o
n input line 108.
LaTeX Encoding Info:    Redeclaring text command \textcircled (encoding TS1) on
 input line 109.
LaTeX Encoding Info:    Redeclaring text symbol \textohm (encoding TS1) on inpu
t line 115.
LaTeX Encoding Info:    Redeclaring text symbol \textlbrackdbl (encoding TS1) o
n input line 116.
LaTeX Encoding Info:    Redeclaring text symbol \textrbrackdbl (encoding TS1) o
n input line 117.
LaTeX Encoding Info:    Redeclaring text symbol \textuparrow (encoding TS1) on 
input line 118.
LaTeX Encoding Info:    Redeclaring text symbol \textdownarrow (encoding TS1) o
n input line 119.
LaTeX Encoding Info:    Redeclaring text symbol \textasciigrave (encoding TS1) 
on input line 120.
LaTeX Encoding Info:    Redeclaring text symbol \textborn (encoding TS1) on inp
ut line 121.
LaTeX Encoding Info:    Redeclaring text symbol \textdivorced (encoding TS1) on
 input line 122.
LaTeX Encoding Info:    Redeclaring text symbol \textdied (encoding TS1) on inp
ut line 123.
LaTeX Encoding Info:    Redeclaring text symbol \textleaf (encoding TS1) on inp
ut line 124.
LaTeX Encoding Info:    Redeclaring text symbol \textmarried (encoding TS1) on 
input line 125.
LaTeX Encoding Info:    Redeclaring text symbol \textmusicalnote (encoding TS1)
 on input line 126.
LaTeX Encoding Info:    Redeclaring text symbol \texttildelow (encoding TS1) on
 input line 127.
LaTeX Encoding Info:    Redeclaring text symbol \textdblhyphenchar (encoding TS
1) on input line 128.
LaTeX Encoding Info:    Redeclaring text symbol \textasciibreve (encoding TS1) 
on input line 129.
LaTeX Encoding Info:    Redeclaring text symbol \textasciicaron (encoding TS1) 
on input line 130.
LaTeX Encoding Info:    Redeclaring text symbol \textacutedbl (encoding TS1) on
 input line 131.
LaTeX Encoding Info:    Redeclaring text symbol \textgravedbl (encoding TS1) on
 input line 132.
LaTeX Encoding Info:    Redeclaring text symbol \textdagger (encoding TS1) on i
nput line 133.
LaTeX Encoding Info:    Redeclaring text symbol \textdaggerdbl (encoding TS1) o
n input line 134.
LaTeX Encoding Info:    Redeclaring text symbol \textbardbl (encoding TS1) on i
nput line 135.
LaTeX Encoding Info:    Redeclaring text symbol \textperthousand (encoding TS1)
 on input line 136.
LaTeX Encoding Info:    Redeclaring text symbol \textbullet (encoding TS1) on i
nput line 137.
LaTeX Encoding Info:    Redeclaring text symbol \textcelsius (encoding TS1) on 
input line 138.
LaTeX Encoding Info:    Redeclaring text symbol \textdollaroldstyle (encoding T
S1) on input line 139.
LaTeX Encoding Info:    Redeclaring text symbol \textcentoldstyle (encoding TS1
) on input line 140.
LaTeX Encoding Info:    Redeclaring text symbol \textflorin (encoding TS1) on i
nput line 141.
LaTeX Encoding Info:    Redeclaring text symbol \textcolonmonetary (encoding TS
1) on input line 142.
LaTeX Encoding Info:    Redeclaring text symbol \textwon (encoding TS1) on inpu
t line 143.
LaTeX Encoding Info:    Redeclaring text symbol \textnaira (encoding TS1) on in
put line 144.
LaTeX Encoding Info:    Redeclaring text symbol \textguarani (encoding TS1) on 
input line 145.
LaTeX Encoding Info:    Redeclaring text symbol \textpeso (encoding TS1) on inp
ut line 146.
LaTeX Encoding Info:    Redeclaring text symbol \textlira (encoding TS1) on inp
ut line 147.
LaTeX Encoding Info:    Redeclaring text symbol \textrecipe (encoding TS1) on i
nput line 148.
LaTeX Encoding Info:    Redeclaring text symbol \textinterrobang (encoding TS1)
 on input line 149.
LaTeX Encoding Info:    Redeclaring text symbol \textinterrobangdown (encoding 
TS1) on input line 150.
LaTeX Encoding Info:    Redeclaring text symbol \textdong (encoding TS1) on inp
ut line 151.
LaTeX Encoding Info:    Redeclaring text symbol \texttrademark (encoding TS1) o
n input line 152.
LaTeX Encoding Info:    Redeclaring text symbol \textpertenthousand (encoding T
S1) on input line 153.
LaTeX Encoding Info:    Redeclaring text symbol \textpilcrow (encoding TS1) on 
input line 154.
LaTeX Encoding Info:    Redeclaring text symbol \textbaht (encoding TS1) on inp
ut line 155.
LaTeX Encoding Info:    Redeclaring text symbol \textnumero (encoding TS1) on i
nput line 156.
LaTeX Encoding Info:    Redeclaring text symbol \textdiscount (encoding TS1) on
 input line 157.
LaTeX Encoding Info:    Redeclaring text symbol \textestimated (encoding TS1) o
n input line 158.
LaTeX Encoding Info:    Redeclaring text symbol \textopenbullet (encoding TS1) 
on input line 159.
LaTeX Encoding Info:    Redeclaring text symbol \textservicemark (encoding TS1)
 on input line 160.
LaTeX Encoding Info:    Redeclaring text symbol \textlquill (encoding TS1) on i
nput line 161.
LaTeX Encoding Info:    Redeclaring text symbol \textrquill (encoding TS1) on i
nput line 162.
LaTeX Encoding Info:    Redeclaring text symbol \textcent (encoding TS1) on inp
ut line 163.
LaTeX Encoding Info:    Redeclaring text symbol \textsterling (encoding TS1) on
 input line 164.
LaTeX Encoding Info:    Redeclaring text symbol \textcurrency (encoding TS1) on
 input line 165.
LaTeX Encoding Info:    Redeclaring text symbol \textyen (encoding TS1) on inpu
t line 166.
LaTeX Encoding Info:    Redeclaring text symbol \textbrokenbar (encoding TS1) o
n input line 167.
LaTeX Encoding Info:    Redeclaring text symbol \textsection (encoding TS1) on 
input line 168.
LaTeX Encoding Info:    Redeclaring text symbol \textasciidieresis (encoding TS
1) on input line 169.
LaTeX Encoding Info:    Redeclaring text symbol \textcopyright (encoding TS1) o
n input line 170.
LaTeX Encoding Info:    Redeclaring text symbol \textordfeminine (encoding TS1)
 on input line 171.
LaTeX Encoding Info:    Redeclaring text symbol \textcopyleft (encoding TS1) on
 input line 172.
LaTeX Encoding Info:    Redeclaring text symbol \textlnot (encoding TS1) on inp
ut line 173.
LaTeX Encoding Info:    Redeclaring text symbol \textcircledP (encoding TS1) on
 input line 174.
LaTeX Encoding Info:    Redeclaring text symbol \textregistered (encoding TS1) 
on input line 175.
LaTeX Encoding Info:    Redeclaring text symbol \textasciimacron (encoding TS1)
 on input line 176.
LaTeX Encoding Info:    Redeclaring text symbol \textdegree (encoding TS1) on i
nput line 177.
LaTeX Encoding Info:    Redeclaring text symbol \textpm (encoding TS1) on input
 line 178.
LaTeX Encoding Info:    Redeclaring text symbol \texttwosuperior (encoding TS1)
 on input line 179.
LaTeX Encoding Info:    Redeclaring text symbol \textthreesuperior (encoding TS
1) on input line 180.
LaTeX Encoding Info:    Redeclaring text symbol \textasciiacute (encoding TS1) 
on input line 181.
LaTeX Encoding Info:    Redeclaring text symbol \textmu (encoding TS1) on input
 line 182.
LaTeX Encoding Info:    Redeclaring text symbol \textparagraph (encoding TS1) o
n input line 183.
LaTeX Encoding Info:    Redeclaring text symbol \textperiodcentered (encoding T
S1) on input line 184.
LaTeX Encoding Info:    Redeclaring text symbol \textreferencemark (encoding TS
1) on input line 185.
LaTeX Encoding Info:    Redeclaring text symbol \textonesuperior (encoding TS1)
 on input line 186.
LaTeX Encoding Info:    Redeclaring text symbol \textordmasculine (encoding TS1
) on input line 187.
LaTeX Encoding Info:    Redeclaring text symbol \textsurd (encoding TS1) on inp
ut line 188.
LaTeX Encoding Info:    Redeclaring text symbol \textonequarter (encoding TS1) 
on input line 189.
LaTeX Encoding Info:    Redeclaring text symbol \textonehalf (encoding TS1) on 
input line 190.
LaTeX Encoding Info:    Redeclaring text symbol \textthreequarters (encoding TS
1) on input line 191.
LaTeX Encoding Info:    Redeclaring text symbol \texteuro (encoding TS1) on inp
ut line 192.
LaTeX Encoding Info:    Redeclaring text symbol \texttimes (encoding TS1) on in
put line 193.
LaTeX Encoding Info:    Redeclaring text symbol \textdiv (encoding TS1) on inpu
t line 194.
))
\l__ctex_tmp_int=\count282
\l__ctex_tmp_box=\box53
\l__ctex_tmp_dim=\dimen149
\g__ctex_section_depth_int=\count283
\g__ctex_font_size_int=\count284

(d:/Program Files (x86)/Work applications/texlive/2026/texmf-dist/tex/latex/cte
x/config/ctexopts.cfg
File: ctexopts.cfg 2022/07/14 v2.5.10 Option configuration file (CTEX)
)
(d:/Program Files (x86)/Work applications/texlive/2026/texmf-dist/tex/latex/cte
x/engine/ctex-engine-xetex.def
File: ctex-engine-xetex.def 2022/07/14 v2.5.10 XeLaTeX adapter (CTEX)

(d:/Program Files (x86)/Work applications/texlive/2026/texmf-dist/tex/xelatex/x
ecjk/xeCJK.sty
Package: xeCJK 2022/08/05 v3.9.1 Typesetting CJK scripts with XeLaTeX

(d:/Program Files (x86)/Work applications/texlive/2026/texmf-dist/tex/latex/l3p
ackages/xtemplate/xtemplate.sty
Package: xtemplate 2025-10-09 L3 Experimental prototype document functions
)
\l__xeCJK_tmp_int=\count285
\l__xeCJK_tmp_box=\box54
\l__xeCJK_tmp_dim=\dimen150
\l__xeCJK_tmp_skip=\skip51
\g__xeCJK_space_factor_int=\count286
\l__xeCJK_begin_int=\count287
\l__xeCJK_end_int=\count288
\c__xeCJK_CJK_class_int=\XeTeXcharclass1
\c__xeCJK_FullLeft_class_int=\XeTeXcharclass2
\c__xeCJK_FullRight_class_int=\XeTeXcharclass3
\c__xeCJK_HalfLeft_class_int=\XeTeXcharclass4
\c__xeCJK_HalfRight_class_int=\XeTeXcharclass5
\c__xeCJK_NormalSpace_class_int=\XeTeXcharclass6
\c__xeCJK_CM_class_int=\XeTeXcharclass7
\c__xeCJK_HangulJamo_class_int=\XeTeXcharclass8
\l__xeCJK_last_skip=\skip52
\c__xeCJK_none_node=\count289
\g__xeCJK_node_int=\count290
\c__xeCJK_CJK_node_dim=\dimen151
\c__xeCJK_CJK-space_node_dim=\dimen152
\c__xeCJK_default_node_dim=\dimen153
\c__xeCJK_CJK-widow_node_dim=\dimen154
\c__xeCJK_normalspace_node_dim=\dimen155
\c__xeCJK_default-space_node_skip=\skip53
\l__xeCJK_ccglue_skip=\skip54
\l__xeCJK_ecglue_skip=\skip55
\l__xeCJK_punct_kern_skip=\skip56
\l__xeCJK_indent_box=\box55
\l__xeCJK_last_penalty_int=\count291
\l__xeCJK_last_bound_dim=\dimen156
\l__xeCJK_last_kern_dim=\dimen157
\l__xeCJK_widow_penalty_int=\count292

LaTeX template Info: Declaring template type 'xeCJK/punctuation' taking 0
(template)           argument(s) on line 2396.

\l__xeCJK_fixed_punct_width_dim=\dimen158
\l__xeCJK_mixed_punct_width_dim=\dimen159
\l__xeCJK_middle_punct_width_dim=\dimen160
\l__xeCJK_fixed_margin_width_dim=\dimen161
\l__xeCJK_mixed_margin_width_dim=\dimen162
\l__xeCJK_middle_margin_width_dim=\dimen163
\l__xeCJK_bound_punct_width_dim=\dimen164
\l__xeCJK_bound_margin_width_dim=\dimen165
\l__xeCJK_margin_minimum_dim=\dimen166
\l__xeCJK_kerning_total_width_dim=\dimen167
\l__xeCJK_same_align_margin_dim=\dimen168
\l__xeCJK_different_align_margin_dim=\dimen169
\l__xeCJK_kerning_margin_width_dim=\dimen170
\l__xeCJK_kerning_margin_minimum_dim=\dimen171
\l__xeCJK_bound_dim=\dimen172
\l__xeCJK_reverse_bound_dim=\dimen173
\l__xeCJK_margin_dim=\dimen174
\l__xeCJK_minimum_bound_dim=\dimen175
\l__xeCJK_kerning_margin_dim=\dimen176
\g__xeCJK_family_int=\count293
\l__xeCJK_fam_int=\count294
\g__xeCJK_fam_allocation_int=\count295
\l__xeCJK_verb_case_int=\count296
\l__xeCJK_verb_exspace_skip=\skip57

(d:/Program Files (x86)/Work applications/texlive/2026/texmf-dist/tex/latex/fon
tspec/fontspec.sty
(d:/Program Files (x86)/Work applications/texlive/2026/texmf-dist/tex/latex/l3p
ackages/xparse/xparse.sty
Package: xparse 2025-10-09 L3 Experimental document command parser
)
Package: fontspec 2025/09/29 v2.9g Font selection for XeLaTeX and LuaLaTeX

(d:/Program Files (x86)/Work applications/texlive/2026/texmf-dist/tex/latex/fon
tspec/fontspec-xetex.sty
Package: fontspec-xetex 2025/09/29 v2.9g Font selection for XeLaTeX and LuaLaTe
X
\l__fontspec_script_int=\count297
\l__fontspec_language_int=\count298
\l__fontspec_strnum_int=\count299
\l__fontspec_tmp_int=\count300
\l__fontspec_tmpa_int=\count301
\l__fontspec_tmpb_int=\count302
\l__fontspec_tmpc_int=\count303
\l__fontspec_em_int=\count304
\l__fontspec_emdef_int=\count305
\l__fontspec_strong_int=\count306
\l__fontspec_strongdef_int=\count307
\l__fontspec_tmpa_dim=\dimen177
\l__fontspec_tmpb_dim=\dimen178
\l__fontspec_tmpc_dim=\dimen179

(d:/Program Files (x86)/Work applications/texlive/2026/texmf-dist/tex/latex/bas
e/fontenc.sty
Package: fontenc 2025/07/18 v2.1d Standard LaTeX package
)
(d:/Program Files (x86)/Work applications/texlive/2026/texmf-dist/tex/latex/fon
tspec/fontspec.cfg)))
(d:/Program Files (x86)/Work applications/texlive/2026/texmf-dist/tex/xelatex/x
ecjk/xeCJK.cfg
File: xeCJK.cfg 2022/08/05 v3.9.1 Configuration file for xeCJK package
))
\ccwd=\dimen180
\l__ctex_ccglue_skip=\skip58
)
\l__ctex_ziju_dim=\dimen181

(d:/Program Files (x86)/Work applications/texlive/2026/texmf-dist/tex/latex/zhn
umber/zhnumber.sty
Package: zhnumber 2022/07/14 v3.0 Typesetting numbers with Chinese glyphs
\l__zhnum_scale_int=\count308
\l__zhnum_tmp_int=\count309

(d:/Program Files (x86)/Work applications/texlive/2026/texmf-dist/tex/latex/zhn
umber/zhnumber-utf8.cfg
File: zhnumber-utf8.cfg 2022/07/14 v3.0 Chinese numerals with UTF8 encoding
))
(d:/Program Files (x86)/Work applications/texlive/2026/texmf-dist/tex/latex/cte
x/scheme/ctex-scheme-chinese.def
File: ctex-scheme-chinese.def 2022/07/14 v2.5.10 Chinese scheme for generic (CT
EX)

(d:/Program Files (x86)/Work applications/texlive/2026/texmf-dist/tex/latex/cte
x/config/ctex-name-utf8.cfg
File: ctex-name-utf8.cfg 2022/07/14 v2.5.10 Caption with encoding UTF-8 (CTEX)
))
(d:/Program Files (x86)/Work applications/texlive/2026/texmf-dist/tex/latex/too
ls/indentfirst.sty
Package: indentfirst 2023/07/02 v1.03 Indent first paragraph (DPC)
)
(d:/Program Files (x86)/Work applications/texlive/2026/texmf-dist/tex/latex/cte
x/ctex-c5size.clo
File: ctex-c5size.clo 2022/07/14 v2.5.10 c5size option (CTEX)
)
(d:/Program Files (x86)/Work applications/texlive/2026/texmf-dist/tex/latex/cte
x/fontset/ctex-fontset-windows.def
File: ctex-fontset-windows.def 2022/07/14 v2.5.10 Windows fonts definition (CTE
X)
))
(d:/Program Files (x86)/Work applications/texlive/2026/texmf-dist/tex/latex/cte
x/config/ctex.cfg
File: ctex.cfg 2022/07/14 v2.5.10 Configuration file (CTEX)
)
(d:/Program Files (x86)/Work applications/texlive/2026/texmf-dist/tex/latex/geo
metry/geometry.sty
Package: geometry 2020/01/02 v5.9 Page Geometry

(d:/Program Files (x86)/Work applications/texlive/2026/texmf-dist/tex/latex/gra
phics/keyval.sty
Package: keyval 2022/05/29 v1.15 key=value parser (DPC)
\KV@toks@=\toks17
)
(d:/Program Files (x86)/Work applications/texlive/2026/texmf-dist/tex/generic/i
ftex/ifvtex.sty
Package: ifvtex 2019/10/25 v1.7 ifvtex legacy package. Use iftex instead.
)
\Gm@cnth=\count310
\Gm@cntv=\count311
\c@Gm@tempcnt=\count312
\Gm@bindingoffset=\dimen182
\Gm@wd@mp=\dimen183
\Gm@odd@mp=\dimen184
\Gm@even@mp=\dimen185
\Gm@layoutwidth=\dimen186
\Gm@layoutheight=\dimen187
\Gm@layouthoffset=\dimen188
\Gm@layoutvoffset=\dimen189
\Gm@dimlist=\toks18
)
(d:/Program Files (x86)/Work applications/texlive/2026/texmf-dist/tex/latex/ams
math/amsmath.sty
Package: amsmath 2025/07/09 v2.17z AMS math features
\@mathmargin=\skip59

For additional information on amsmath, use the `?' option.

(d:/Program Files (x86)/Work applications/texlive/2026/texmf-dist/tex/latex/ams
math/amstext.sty
Package: amstext 2024/11/17 v2.01 AMS text

(d:/Program Files (x86)/Work applications/texlive/2026/texmf-dist/tex/latex/ams
math/amsgen.sty
File: amsgen.sty 1999/11/30 v2.0 generic functions
\@emptytoks=\toks19
\ex@=\dimen190
))
(d:/Program Files (x86)/Work applications/texlive/2026/texmf-dist/tex/latex/ams
math/amsbsy.sty
Package: amsbsy 1999/11/29 v1.2d Bold Symbols
\pmbraise@=\dimen191
)
(d:/Program Files (x86)/Work applications/texlive/2026/texmf-dist/tex/latex/ams
math/amsopn.sty
Package: amsopn 2022/04/08 v2.04 operator names
)
\inf@bad=\count313
LaTeX Info: Redefining \frac on input line 233.
\uproot@=\count314
\leftroot@=\count315
LaTeX Info: Redefining \overline on input line 398.
LaTeX Info: Redefining \colon on input line 409.
\classnum@=\count316
\DOTSCASE@=\count317
LaTeX Info: Redefining \ldots on input line 495.
LaTeX Info: Redefining \dots on input line 498.
LaTeX Info: Redefining \cdots on input line 619.
\Mathstrutbox@=\box56
\strutbox@=\box57
LaTeX Info: Redefining \big on input line 721.
LaTeX Info: Redefining \Big on input line 722.
LaTeX Info: Redefining \bigg on input line 723.
LaTeX Info: Redefining \Bigg on input line 724.
\big@size=\dimen192
LaTeX Font Info:    Redeclaring font encoding OML on input line 742.
LaTeX Font Info:    Redeclaring font encoding OMS on input line 743.
\macc@depth=\count318
LaTeX Info: Redefining \bmod on input line 904.
LaTeX Info: Redefining \pmod on input line 909.
LaTeX Info: Redefining \smash on input line 939.
LaTeX Info: Redefining \relbar on input line 969.
LaTeX Info: Redefining \Relbar on input line 970.
\c@MaxMatrixCols=\count319
\dotsspace@=\muskip17
\c@parentequation=\count320
\dspbrk@lvl=\count321
\tag@help=\toks20
\row@=\count322
\column@=\count323
\maxfields@=\count324
\andhelp@=\toks21
\eqnshift@=\dimen193
\alignsep@=\dimen194
\tagshift@=\dimen195
\tagwidth@=\dimen196
\totwidth@=\dimen197
\lineht@=\dimen198
\@envbody=\toks22
\multlinegap=\skip60
\multlinetaggap=\skip61
\mathdisplay@stack=\toks23
LaTeX Info: Redefining \[ on input line 2950.
LaTeX Info: Redefining \] on input line 2951.
)
(d:/Program Files (x86)/Work applications/texlive/2026/texmf-dist/tex/latex/ams
fonts/amsfonts.sty
Package: amsfonts 2013/01/14 v3.01 Basic AMSFonts support
\symAMSa=\mathgroup4
\symAMSb=\mathgroup5
LaTeX Font Info:    Redeclaring math symbol \hbar on input line 98.
LaTeX Font Info:    Overwriting math alphabet `\mathfrak' in version `bold'
(Font)                  U/euf/m/n --> U/euf/b/n on input line 106.
)
(d:/Program Files (x86)/Work applications/texlive/2026/texmf-dist/tex/latex/ams
fonts/amssymb.sty
Package: amssymb 2013/01/14 v3.01 AMS font symbols
)
(d:/Program Files (x86)/Work applications/texlive/2026/texmf-dist/tex/latex/too
ls/bm.sty
Package: bm 2025/10/21 v1.2g Bold Symbol Support (DPC/FMi)
\symboldoperators=\mathgroup6
\symboldletters=\mathgroup7
\symboldsymbols=\mathgroup8
Package bm Info: No bold for \OMX/cmex/m/n, using \pmb.
Package bm Info: No bold for \U/msa/m/n, using \pmb.
Package bm Info: No bold for \U/msb/m/n, using \pmb.
LaTeX Font Info:    Redeclaring math alphabet \mathbf on input line 149.
)
(d:/Program Files (x86)/Work applications/texlive/2026/texmf-dist/tex/latex/xco
lor/xcolor.sty
Package: xcolor 2024/09/29 v3.02 LaTeX color extensions (UK)

(d:/Program Files (x86)/Work applications/texlive/2026/texmf-dist/tex/latex/gra
phics-cfg/color.cfg
File: color.cfg 2016/01/02 v1.6 sample color configuration
)
Package xcolor Info: Driver file: xetex.def on input line 274.

(d:/Program Files (x86)/Work applications/texlive/2026/texmf-dist/tex/latex/gra
phics-def/xetex.def
File: xetex.def 2025/11/01 v5.0p Graphics/color driver for xetex
)
(d:/Program Files (x86)/Work applications/texlive/2026/texmf-dist/tex/latex/gra
phics/mathcolor.ltx)
Package xcolor Info: Model `cmy' substituted by `cmy0' on input line 1349.
Package xcolor Info: Model `RGB' extended on input line 1365.
Package xcolor Info: Model `HTML' substituted by `rgb' on input line 1367.
Package xcolor Info: Model `Hsb' substituted by `hsb' on input line 1368.
Package xcolor Info: Model `tHsb' substituted by `hsb' on input line 1369.
Package xcolor Info: Model `HSB' substituted by `hsb' on input line 1370.
Package xcolor Info: Model `Gray' substituted by `gray' on input line 1371.
Package xcolor Info: Model `wave' substituted by `hsb' on input line 1372.
)
(d:/Program Files (x86)/Work applications/texlive/2026/texmf-dist/tex/latex/col
ortbl/colortbl.sty
Package: colortbl 2024/10/29 v1.0k Color table columns (DPC)

(d:/Program Files (x86)/Work applications/texlive/2026/texmf-dist/tex/latex/too
ls/array.sty
Package: array 2025/09/25 v2.6n Tabular extension package (FMi)
\col@sep=\dimen199
\ar@mcellbox=\box58
\extrarowheight=\dimen256
\NC@list=\toks24
\extratabsurround=\skip62
\backup@length=\skip63
\ar@cellbox=\box59
)
\everycr=\toks25
\minrowclearance=\skip64
\rownum=\count325
)
(d:/Program Files (x86)/Work applications/texlive/2026/texmf-dist/tex/latex/gra
phics/dvipsnam.def
File: dvipsnam.def 2016/06/17 v3.0m Driver-dependent file (DPC,SPQR)
)
(d:/Program Files (x86)/Work applications/texlive/2026/texmf-dist/tex/latex/gra
phics/graphicx.sty
Package: graphicx 2024/12/31 v1.2e Enhanced LaTeX Graphics (DPC,SPQR)

(d:/Program Files (x86)/Work applications/texlive/2026/texmf-dist/tex/latex/gra
phics/graphics.sty
Package: graphics 2024/08/06 v1.4g Standard LaTeX Graphics (DPC,SPQR)

(d:/Program Files (x86)/Work applications/texlive/2026/texmf-dist/tex/latex/gra
phics/trig.sty
Package: trig 2023/12/02 v1.11 sin cos tan (DPC)
)
(d:/Program Files (x86)/Work applications/texlive/2026/texmf-dist/tex/latex/gra
phics-cfg/graphics.cfg
File: graphics.cfg 2016/06/04 v1.11 sample graphics configuration
)
Package graphics Info: Driver file: xetex.def on input line 106.
)
\Gin@req@height=\dimen257
\Gin@req@width=\dimen258
)
(d:/Program Files (x86)/Work applications/texlive/2026/texmf-dist/tex/latex/flo
at/float.sty
Package: float 2001/11/08 v1.3d Float enhancements (AL)
\c@float@type=\count326
\float@exts=\toks26
\float@box=\box60
\@float@everytoks=\toks27
\@floatcapt=\box61
)
(d:/Program Files (x86)/Work applications/texlive/2026/texmf-dist/tex/latex/too
ls/longtable.sty
Package: longtable 2025-10-13 v4.24 Multi-page Table package (DPC)
\LTleft=\skip65
\LTright=\skip66
\LTpre=\skip67
\LTpost=\skip68
\LTchunksize=\count327
\LTcapwidth=\dimen259
\LT@head=\box62
\LT@firsthead=\box63
\LT@foot=\box64
\LT@lastfoot=\box65
\LT@gbox=\box66
\LT@cols=\count328
\LT@rows=\count329
\c@LT@tables=\count330
\c@LT@chunks=\count331
\LT@p@ftn=\toks28
)
(d:/Program Files (x86)/Work applications/texlive/2026/texmf-dist/tex/latex/boo
ktabs/booktabs.sty
Package: booktabs 2020/01/12 v1.61803398 Publication quality tables
\heavyrulewidth=\dimen260
\lightrulewidth=\dimen261
\cmidrulewidth=\dimen262
\belowrulesep=\dimen263
\belowbottomsep=\dimen264
\aboverulesep=\dimen265
\abovetopsep=\dimen266
\cmidrulesep=\dimen267
\cmidrulekern=\dimen268
\defaultaddspace=\dimen269
\@cmidla=\count332
\@cmidlb=\count333
\@aboverulesep=\dimen270
\@belowrulesep=\dimen271
\@thisruleclass=\count334
\@lastruleclass=\count335
\@thisrulewidth=\dimen272
)
(d:/Program Files (x86)/Work applications/texlive/2026/texmf-dist/tex/latex/too
ls/tabularx.sty
Package: tabularx 2023/12/11 v2.12a `tabularx' package (DPC)
\TX@col@width=\dimen273
\TX@old@table=\dimen274
\TX@old@col=\dimen275
\TX@target=\dimen276
\TX@delta=\dimen277
\TX@cols=\count336
\TX@ftn=\toks29
)
(d:/Program Files (x86)/Work applications/texlive/2026/texmf-dist/tex/latex/mul
tirow/multirow.sty
Package: multirow 2024/11/12 v2.9 Span multiple rows of a table
\multirow@colwidth=\skip69
\multirow@cntb=\count337
\multirow@dima=\skip70
\bigstrutjot=\dimen278
)
(d:/Program Files (x86)/Work applications/texlive/2026/texmf-dist/tex/latex/mul
tirow/bigstrut.sty
Package: bigstrut 2024/11/12 v2.9 Provide larger struts in tabulars
)
(d:/Program Files (x86)/Work applications/texlive/2026/texmf-dist/tex/latex/mul
tirow/bigdelim.sty
Package: bigdelim 2024/11/12 v2.9 Create big delimiters in tabular or array
)
(d:/Program Files (x86)/Work applications/texlive/2026/texmf-dist/tex/latex/cpr
otect/cprotect.sty
Package: cprotect 2011/01/27 v1.0e (Bruno Le Floch)

(d:/Program Files (x86)/Work applications/texlive/2026/texmf-dist/tex/latex/bas
e/ifthen.sty
Package: ifthen 2024/03/16 v1.1e Standard LaTeX ifthen package (DPC)
)
(d:/Program Files (x86)/Work applications/texlive/2026/texmf-dist/tex/latex/big
foot/suffix.sty
Package: suffix 2006/07/15 1.5a Variant command support
)
\CPT@WriteOut=\write3
\c@CPT@WriteCount=\count338
\c@CPT@numB=\count339
\CPT@commandatend@toks=\toks30
)
(d:/Program Files (x86)/Work applications/texlive/2026/texmf-dist/tex/latex/lis
tings/listings.sty
\lst@mode=\count340
\lst@gtempboxa=\box67
\lst@token=\toks31
\lst@length=\count341
\lst@currlwidth=\dimen279
\lst@column=\count342
\lst@pos=\count343
\lst@lostspace=\dimen280
\lst@width=\dimen281
\lst@newlines=\count344
\lst@lineno=\count345
\lst@maxwidth=\dimen282

(d:/Program Files (x86)/Work applications/texlive/2026/texmf-dist/tex/latex/lis
tings/lstpatch.sty
File: lstpatch.sty 2025/11/14 1.11b (Carsten Heinz)
)
(d:/Program Files (x86)/Work applications/texlive/2026/texmf-dist/tex/latex/lis
tings/lstmisc.sty
File: lstmisc.sty 2025/11/14 1.11b (Carsten Heinz)
\c@lstnumber=\count346
\lst@skipnumbers=\count347
\lst@framebox=\box68
)
(d:/Program Files (x86)/Work applications/texlive/2026/texmf-dist/tex/latex/lis
tings/listings.cfg
File: listings.cfg 2025/11/14 1.11b listings configuration
))
Package: listings 2025/11/14 1.11b (Carsten Heinz)

(d:/Program Files (x86)/Work applications/texlive/2026/texmf-dist/tex/xelatex/x
ecjk/xeCJK-listings.sty
Package: xeCJK-listings 2022/08/05 v3.9.1 xeCJK patch file for listings
\l__xeCJK_listings_max_char_int=\count348
\l__xeCJK_listings_flag_int=\count349
)
==> First Aid for listings.sty no longer applied!
    Expected:
        2024/09/23 1.10c (Carsten Heinz)
    but found:
        2025/11/14 1.11b (Carsten Heinz)
    so I'm assuming it got fixed.

(d:/Program Files (x86)/Work applications/texlive/2026/texmf-dist/tex/latex/url
/url.sty
\Urlmuskip=\muskip18
Package: url 2013/09/16  ver 3.4  Verb mode for urls, etc.
)
(d:/Program Files (x86)/Work applications/texlive/2026/texmf-dist/tex/latex/cap
tion/subcaption.sty
Package: subcaption 2023/07/28 v1.6b Sub-captions (AR)

(d:/Program Files (x86)/Work applications/texlive/2026/texmf-dist/tex/latex/cap
tion/caption.sty
Package: caption 2023/08/05 v3.6o Customizing captions (AR)

(d:/Program Files (x86)/Work applications/texlive/2026/texmf-dist/tex/latex/cap
tion/caption3.sty
Package: caption3 2023/07/31 v2.4d caption3 kernel (AR)
\caption@tempdima=\dimen283
\captionmargin=\dimen284
\caption@leftmargin=\dimen285
\caption@rightmargin=\dimen286
\caption@width=\dimen287
\caption@indent=\dimen288
\caption@parindent=\dimen289
\caption@hangindent=\dimen290
Package caption Info: Standard document class detected.
)
\c@caption@flags=\count350
\c@continuedfloat=\count351
Package caption Info: float package is loaded.
Package caption Info: listings package is loaded.
Package caption Info: longtable package is loaded.

(d:/Program Files (x86)/Work applications/texlive/2026/texmf-dist/tex/latex/cap
tion/ltcaption.sty
Package: ltcaption 2021/01/08 v1.4c longtable captions (AR)
))
Package caption Info: New subtype `subfigure' on input line 238.
\c@subfigure=\count352
Package caption Info: New subtype `subtable' on input line 238.
\c@subtable=\count353
)
(d:/Program Files (x86)/Work applications/texlive/2026/texmf-dist/tex/latex/toc
loft/tocloft.sty
Package: tocloft 2017/08/31 v2.3i parameterised ToC, etc., typesetting
Package tocloft Info: The document has section divisions on input line 51.
\cftparskip=\skip71
\cftbeforetoctitleskip=\skip72
\cftaftertoctitleskip=\skip73
\cftbeforepartskip=\skip74
\cftpartnumwidth=\skip75
\cftpartindent=\skip76
\cftbeforesecskip=\skip77
\cftsecindent=\skip78
\cftsecnumwidth=\skip79
\cftbeforesubsecskip=\skip80
\cftsubsecindent=\skip81
\cftsubsecnumwidth=\skip82
\cftbeforesubsubsecskip=\skip83
\cftsubsubsecindent=\skip84
\cftsubsubsecnumwidth=\skip85
\cftbeforeparaskip=\skip86
\cftparaindent=\skip87
\cftparanumwidth=\skip88
\cftbeforesubparaskip=\skip89
\cftsubparaindent=\skip90
\cftsubparanumwidth=\skip91
\cftbeforeloftitleskip=\skip92
\cftafterloftitleskip=\skip93
\cftbeforefigskip=\skip94
\cftfigindent=\skip95
\cftfignumwidth=\skip96
\c@lofdepth=\count354
\c@lotdepth=\count355
\cftbeforelottitleskip=\skip97
\cftafterlottitleskip=\skip98
\cftbeforetabskip=\skip99
\cfttabindent=\skip100
\cfttabnumwidth=\skip101
)
(d:/Program Files (x86)/Work applications/texlive/2026/texmf-dist/tex/latex/tit
lesec/titlesec.sty
Package: titlesec 2025/01/04 v2.17 Sectioning titles
\ttl@box=\box69
\beforetitleunit=\skip102
\aftertitleunit=\skip103
\ttl@plus=\dimen291
\ttl@minus=\dimen292
\ttl@toksa=\toks32
\titlewidth=\dimen293
\titlewidthlast=\dimen294
\titlewidthfirst=\dimen295
)
(d:/Program Files (x86)/Work applications/texlive/2026/texmf-dist/tex/latex/tit
lesec/titletoc.sty
Package: titletoc 2025/01/04 v2.17 TOC entries
\ttl@leftsep=\dimen296
)
(d:/Program Files (x86)/Work applications/texlive/2026/texmf-dist/tex/latex/enu
mitem/enumitem.sty
Package: enumitem 2025/02/06 v3.11 Customized lists
\labelindent=\skip104
\enit@outerparindent=\dimen297
\enit@toks=\toks33
\enit@inbox=\box70
\enit@count@id=\count356
\enitdp@description=\count357
)
(d:/Program Files (x86)/Work applications/texlive/2026/texmf-dist/tex/generic/u
lem/ulem.sty
\UL@box=\box71
\UL@hyphenbox=\box72
\UL@skip=\skip105
\UL@hook=\toks34
\UL@height=\dimen298
\UL@pe=\count358
\UL@pixel=\dimen299
\ULC@box=\box73
Package: ulem 2019/11/18
\ULdepth=\dimen300
)
(d:/Program Files (x86)/Work applications/texlive/2026/texmf-dist/tex/latex/too
ls/calc.sty
Package: calc 2025/03/01 v4.3b Infix arithmetic (KKT,FJ)
\calc@Acount=\count359
\calc@Bcount=\count360
\calc@Adimen=\dimen301
\calc@Bdimen=\dimen302
\calc@Askip=\skip106
\calc@Bskip=\skip107
LaTeX Info: Redefining \setlength on input line 86.
LaTeX Info: Redefining \addtolength on input line 87.
\calc@Ccount=\count361
\calc@Cskip=\skip108
)
(d:/Program Files (x86)/Work applications/texlive/2026/texmf-dist/tex/latex/app
endix/appendix.sty
Package: appendix 2020/02/08 v1.2c extra appendix facilities
\c@@pps=\count362
\c@@ppsavesec=\count363
\c@@ppsaveapp=\count364
)
(d:/Program Files (x86)/Work applications/texlive/2026/texmf-dist/tex/latex/eto
olbox/etoolbox.sty
Package: etoolbox 2025/10/02 v2.5m e-TeX tools for LaTeX (JAW)
\etb@tempcnta=\count365
)
(d:/Program Files (x86)/Work applications/texlive/2026/texmf-dist/tex/latex/hyp
erref/hyperref.sty
Package: hyperref 2026-01-29 v7.01p Hypertext links for LaTeX

(d:/Program Files (x86)/Work applications/texlive/2026/texmf-dist/tex/latex/kvs
etkeys/kvsetkeys.sty
Package: kvsetkeys 2022-10-05 v1.19 Key value parser (HO)
)
(d:/Program Files (x86)/Work applications/texlive/2026/texmf-dist/tex/generic/k
vdefinekeys/kvdefinekeys.sty
Package: kvdefinekeys 2019-12-19 v1.6 Define keys (HO)
)
(d:/Program Files (x86)/Work applications/texlive/2026/texmf-dist/tex/generic/p
dfescape/pdfescape.sty
Package: pdfescape 2019/12/09 v1.15 Implements pdfTeX's escape features (HO)

(d:/Program Files (x86)/Work applications/texlive/2026/texmf-dist/tex/generic/l
txcmds/ltxcmds.sty
Package: ltxcmds 2023-12-04 v1.26 LaTeX kernel commands for general use (HO)
)
(d:/Program Files (x86)/Work applications/texlive/2026/texmf-dist/tex/generic/p
dftexcmds/pdftexcmds.sty
Package: pdftexcmds 2020-06-27 v0.33 Utility functions of pdfTeX for LuaTeX (HO
)

(d:/Program Files (x86)/Work applications/texlive/2026/texmf-dist/tex/generic/i
nfwarerr/infwarerr.sty
Package: infwarerr 2019/12/03 v1.5 Providing info/warning/error messages (HO)
)
Package pdftexcmds Info: \pdf@primitive is available.
Package pdftexcmds Info: \pdf@ifprimitive is available.
Package pdftexcmds Info: \pdfdraftmode not found.
))
(d:/Program Files (x86)/Work applications/texlive/2026/texmf-dist/tex/latex/hyc
olor/hycolor.sty
Package: hycolor 2020-01-27 v1.10 Color options for hyperref/bookmark (HO)
)
(d:/Program Files (x86)/Work applications/texlive/2026/texmf-dist/tex/latex/hyp
erref/nameref.sty
Package: nameref 2026-01-29 v2.58 Cross-referencing by name of section

(d:/Program Files (x86)/Work applications/texlive/2026/texmf-dist/tex/latex/ref
count/refcount.sty
Package: refcount 2019/12/15 v3.6 Data extraction from label references (HO)
)
(d:/Program Files (x86)/Work applications/texlive/2026/texmf-dist/tex/generic/g
ettitlestring/gettitlestring.sty
Package: gettitlestring 2019/12/15 v1.6 Cleanup title references (HO)

(d:/Program Files (x86)/Work applications/texlive/2026/texmf-dist/tex/latex/kvo
ptions/kvoptions.sty
Package: kvoptions 2022-06-15 v3.15 Key value format for package options (HO)
))
\c@section@level=\count366
)
(d:/Program Files (x86)/Work applications/texlive/2026/texmf-dist/tex/generic/s
tringenc/stringenc.sty
Package: stringenc 2019/11/29 v1.12 Convert strings between diff. encodings (HO
)
)
\@linkdim=\dimen303
\Hy@linkcounter=\count367
\Hy@pagecounter=\count368

(d:/Program Files (x86)/Work applications/texlive/2026/texmf-dist/tex/latex/hyp
erref/pd1enc.def
File: pd1enc.def 2026-01-29 v7.01p Hyperref: PDFDocEncoding definition (HO)
)
(d:/Program Files (x86)/Work applications/texlive/2026/texmf-dist/tex/generic/i
ntcalc/intcalc.sty
Package: intcalc 2019/12/15 v1.3 Expandable calculations with integers (HO)
)
\Hy@SavedSpaceFactor=\count369

(d:/Program Files (x86)/Work applications/texlive/2026/texmf-dist/tex/latex/hyp
erref/puenc.def
File: puenc.def 2026-01-29 v7.01p Hyperref: PDF Unicode definition (HO)
)
Package hyperref Info: Option `unicode' set `true' on input line 4072.
Package hyperref Info: Hyper figures OFF on input line 4201.
Package hyperref Info: Link nesting OFF on input line 4206.
Package hyperref Info: Hyper index ON on input line 4209.
Package hyperref Info: Plain pages OFF on input line 4216.
Package hyperref Info: Backreferencing OFF on input line 4221.
Package hyperref Info: Implicit mode ON; LaTeX internals redefined.
Package hyperref Info: Bookmarks ON on input line 4468.
\c@Hy@tempcnt=\count370
LaTeX Info: Redefining \url on input line 4807.
\XeTeXLinkMargin=\dimen304

(d:/Program Files (x86)/Work applications/texlive/2026/texmf-dist/tex/generic/b
itset/bitset.sty
Package: bitset 2019/12/09 v1.3 Handle bit-vector datatype (HO)

(d:/Program Files (x86)/Work applications/texlive/2026/texmf-dist/tex/generic/b
igintcalc/bigintcalc.sty
Package: bigintcalc 2019/12/15 v1.5 Expandable calculations on big integers (HO
)
))
\Fld@menulength=\count371
\Field@Width=\dimen305
\Fld@charsize=\dimen306
Package hyperref Info: Hyper figures OFF on input line 6084.
Package hyperref Info: Link nesting OFF on input line 6089.
Package hyperref Info: Hyper index ON on input line 6092.
Package hyperref Info: backreferencing OFF on input line 6099.
Package hyperref Info: Link coloring OFF on input line 6104.
Package hyperref Info: Link coloring with OCG OFF on input line 6109.
Package hyperref Info: PDF/A mode OFF on input line 6114.
\Hy@abspage=\count372
\c@Item=\count373
\c@Hfootnote=\count374
)
Package hyperref Info: Driver (autodetected): hxetex.

(d:/Program Files (x86)/Work applications/texlive/2026/texmf-dist/tex/latex/hyp
erref/hxetex.def
File: hxetex.def 2026-01-29 v7.01p Hyperref driver for XeTeX
\pdfm@box=\box74
\c@Hy@AnnotLevel=\count375
\HyField@AnnotCount=\count376
\Fld@listcount=\count377
\c@bookmark@seq@number=\count378

(d:/Program Files (x86)/Work applications/texlive/2026/texmf-dist/tex/latex/rer
unfilecheck/rerunfilecheck.sty
Package: rerunfilecheck 2025-06-21 v1.11 Rerun checks for auxiliary files (HO)

(d:/Program Files (x86)/Work applications/texlive/2026/texmf-dist/tex/generic/u
niquecounter/uniquecounter.sty
Package: uniquecounter 2019/12/15 v1.4 Provide unlimited unique counter (HO)
)
Package uniquecounter Info: New unique counter `rerunfilecheck' on input line 2
84.
)
\Hy@SectionHShift=\skip109
)
(d:/Program Files (x86)/Work applications/texlive/2026/texmf-dist/tex/latex/cle
veref/cleveref.sty
Package: cleveref 2018/03/27 v0.21.4 Intelligent cross-referencing
Package cleveref Info: `hyperref' support loaded on input line 2370.
LaTeX Info: Redefining \cref on input line 2370.
LaTeX Info: Redefining \Cref on input line 2370.
LaTeX Info: Redefining \crefrange on input line 2370.
LaTeX Info: Redefining \Crefrange on input line 2370.
LaTeX Info: Redefining \cpageref on input line 2370.
LaTeX Info: Redefining \Cpageref on input line 2370.
LaTeX Info: Redefining \cpagerefrange on input line 2370.
LaTeX Info: Redefining \Cpagerefrange on input line 2370.
LaTeX Info: Redefining \labelcref on input line 2370.
LaTeX Info: Redefining \labelcpageref on input line 2370.
Package cleveref Info: `listings' support loaded on input line 3131.
)
==> First Aid for cleveref.sty applied!
\c@definition=\count379
\c@theorem=\count380
\c@lemma=\count381
\c@corollary=\count382
\c@assumption=\count383
\c@conjecture=\count384
\c@axiom=\count385
\c@principle=\count386
\c@problem=\count387
\c@example=\count388
\c@proof=\count389
\c@solution=\count390
Package hyperref Info: Option `CJKbookmarks' set `true' on input line 259.
Package hyperref Info: Option `bookmarksnumbered' set `true' on input line 259.

Package hyperref Info: Option `bookmarksopen' set `true' on input line 259.
Package hyperref Info: Option `colorlinks' set `true' on input line 259.
Package hyperref Info: Option `breaklinks' set `true' on input line 259.
) (./structure.tex
(d:/Program Files (x86)/Work applications/texlive/2026/texmf-dist/tex/latex/nat
bib/natbib.sty
Package: natbib 2010/09/13 8.31b (PWD, AO)
\bibhang=\skip110
\bibsep=\skip111
LaTeX Info: Redefining \cite on input line 694.
\c@NAT@ctr=\count391
)
(d:/Program Files (x86)/Work applications/texlive/2026/texmf-dist/tex/latex/mdf
ramed/mdframed.sty
Package: mdframed 2013/07/01 1.9b: mdframed

(d:/Program Files (x86)/Work applications/texlive/2026/texmf-dist/tex/latex/zre
f/zref-abspage.sty
Package: zref-abspage 2025-06-08 v2.36 Module abspage for zref (HO)

(d:/Program Files (x86)/Work applications/texlive/2026/texmf-dist/tex/latex/zre
f/zref-base.sty
Package: zref-base 2025-06-08 v2.36 Module base for zref (HO)

(d:/Program Files (x86)/Work applications/texlive/2026/texmf-dist/tex/generic/e
texcmds/etexcmds.sty
Package: etexcmds 2019/12/15 v1.7 Avoid name clashes with e-TeX commands (HO)
)
(d:/Program Files (x86)/Work applications/texlive/2026/texmf-dist/tex/latex/aux
hook/auxhook.sty
Package: auxhook 2019-12-17 v1.6 Hooks for auxiliary files (HO)
)
Package zref Info: New property list: main on input line 767.
Package zref Info: New property: default on input line 768.
Package zref Info: New property: page on input line 769.
)
\c@abspage=\count392
Package zref Info: New property: abspage on input line 67.
)
(d:/Program Files (x86)/Work applications/texlive/2026/texmf-dist/tex/latex/nee
dspace/needspace.sty
Package: needspace 2025/03/13 v1.3e reserve vertical space
)
\mdf@templength=\skip112
\c@mdf@globalstyle@cnt=\count393
\mdf@skipabove@length=\skip113
\mdf@skipbelow@length=\skip114
\mdf@leftmargin@length=\skip115
\mdf@rightmargin@length=\skip116
\mdf@innerleftmargin@length=\skip117
\mdf@innerrightmargin@length=\skip118
\mdf@innertopmargin@length=\skip119
\mdf@innerbottommargin@length=\skip120
\mdf@splittopskip@length=\skip121
\mdf@splitbottomskip@length=\skip122
\mdf@outermargin@length=\skip123
\mdf@innermargin@length=\skip124
\mdf@linewidth@length=\skip125
\mdf@innerlinewidth@length=\skip126
\mdf@middlelinewidth@length=\skip127
\mdf@outerlinewidth@length=\skip128
\mdf@roundcorner@length=\skip129
\mdf@footenotedistance@length=\skip130
\mdf@userdefinedwidth@length=\skip131
\mdf@needspace@length=\skip132
\mdf@frametitleaboveskip@length=\skip133
\mdf@frametitlebelowskip@length=\skip134
\mdf@frametitlerulewidth@length=\skip135
\mdf@frametitleleftmargin@length=\skip136
\mdf@frametitlerightmargin@length=\skip137
\mdf@shadowsize@length=\skip138
\mdf@extratopheight@length=\skip139
\mdf@subtitleabovelinewidth@length=\skip140
\mdf@subtitlebelowlinewidth@length=\skip141
\mdf@subtitleaboveskip@length=\skip142
\mdf@subtitlebelowskip@length=\skip143
\mdf@subtitleinneraboveskip@length=\skip144
\mdf@subtitleinnerbelowskip@length=\skip145
\mdf@subsubtitleabovelinewidth@length=\skip146
\mdf@subsubtitlebelowlinewidth@length=\skip147
\mdf@subsubtitleaboveskip@length=\skip148
\mdf@subsubtitlebelowskip@length=\skip149
\mdf@subsubtitleinneraboveskip@length=\skip150
\mdf@subsubtitleinnerbelowskip@length=\skip151

(d:/Program Files (x86)/Work applications/texlive/2026/texmf-dist/tex/latex/pgf
/frontendlayer/tikz.sty
(d:/Program Files (x86)/Work applications/texlive/2026/texmf-dist/tex/latex/pgf
/basiclayer/pgf.sty
(d:/Program Files (x86)/Work applications/texlive/2026/texmf-dist/tex/latex/pgf
/utilities/pgfrcs.sty
(d:/Program Files (x86)/Work applications/texlive/2026/texmf-dist/tex/generic/p
gf/utilities/pgfutil-common.tex
\pgfutil@everybye=\toks35
\pgfutil@tempdima=\dimen307
\pgfutil@tempdimb=\dimen308
)
(d:/Program Files (x86)/Work applications/texlive/2026/texmf-dist/tex/generic/p
gf/utilities/pgfutil-latex.def
\pgfutil@abb=\box75
)
(d:/Program Files (x86)/Work applications/texlive/2026/texmf-dist/tex/generic/p
gf/utilities/pgfrcs.code.tex
(d:/Program Files (x86)/Work applications/texlive/2026/texmf-dist/tex/generic/p
gf/pgf.revision.tex)
Package: pgfrcs 2025-08-29 v3.1.11a (3.1.11a)
))
Package: pgf 2025-08-29 v3.1.11a (3.1.11a)

(d:/Program Files (x86)/Work applications/texlive/2026/texmf-dist/tex/latex/pgf
/basiclayer/pgfcore.sty
(d:/Program Files (x86)/Work applications/texlive/2026/texmf-dist/tex/latex/pgf
/systemlayer/pgfsys.sty
(d:/Program Files (x86)/Work applications/texlive/2026/texmf-dist/tex/generic/p
gf/systemlayer/pgfsys.code.tex
Package: pgfsys 2025-08-29 v3.1.11a (3.1.11a)

(d:/Program Files (x86)/Work applications/texlive/2026/texmf-dist/tex/generic/p
gf/utilities/pgfkeys.code.tex
\pgfkeys@pathtoks=\toks36
\pgfkeys@temptoks=\toks37

(d:/Program Files (x86)/Work applications/texlive/2026/texmf-dist/tex/generic/p
gf/utilities/pgfkeyslibraryfiltered.code.tex
\pgfkeys@tmptoks=\toks38
))
\pgf@x=\dimen309
\pgf@y=\dimen310
\pgf@xa=\dimen311
\pgf@ya=\dimen312
\pgf@xb=\dimen313
\pgf@yb=\dimen314
\pgf@xc=\dimen315
\pgf@yc=\dimen316
\pgf@xd=\dimen317
\pgf@yd=\dimen318
\w@pgf@writea=\write4
\r@pgf@reada=\read2
\c@pgf@counta=\count394
\c@pgf@countb=\count395
\c@pgf@countc=\count396
\c@pgf@countd=\count397
\t@pgf@toka=\toks39
\t@pgf@tokb=\toks40
\t@pgf@tokc=\toks41
\pgf@sys@id@count=\count398

(d:/Program Files (x86)/Work applications/texlive/2026/texmf-dist/tex/generic/p
gf/systemlayer/pgf.cfg
File: pgf.cfg 2025-08-29 v3.1.11a (3.1.11a)
)
Driver file for pgf: pgfsys-xetex.def

(d:/Program Files (x86)/Work applications/texlive/2026/texmf-dist/tex/generic/p
gf/systemlayer/pgfsys-xetex.def
File: pgfsys-xetex.def 2025-08-29 v3.1.11a (3.1.11a)

(d:/Program Files (x86)/Work applications/texlive/2026/texmf-dist/tex/generic/p
gf/systemlayer/pgfsys-dvipdfmx.def
File: pgfsys-dvipdfmx.def 2025-08-29 v3.1.11a (3.1.11a)

(d:/Program Files (x86)/Work applications/texlive/2026/texmf-dist/tex/generic/p
gf/systemlayer/pgfsys-common-pdf.def
File: pgfsys-common-pdf.def 2025-08-29 v3.1.11a (3.1.11a)
)
\pgfsys@objnum=\count399
)))
(d:/Program Files (x86)/Work applications/texlive/2026/texmf-dist/tex/generic/p
gf/systemlayer/pgfsyssoftpath.code.tex
File: pgfsyssoftpath.code.tex 2025-08-29 v3.1.11a (3.1.11a)
\pgfsyssoftpath@smallbuffer@items=\count400
\pgfsyssoftpath@bigbuffer@items=\count401
)
(d:/Program Files (x86)/Work applications/texlive/2026/texmf-dist/tex/generic/p
gf/systemlayer/pgfsysprotocol.code.tex
File: pgfsysprotocol.code.tex 2025-08-29 v3.1.11a (3.1.11a)
))
(d:/Program Files (x86)/Work applications/texlive/2026/texmf-dist/tex/generic/p
gf/basiclayer/pgfcore.code.tex
Package: pgfcore 2025-08-29 v3.1.11a (3.1.11a)

(d:/Program Files (x86)/Work applications/texlive/2026/texmf-dist/tex/generic/p
gf/math/pgfmath.code.tex
(d:/Program Files (x86)/Work applications/texlive/2026/texmf-dist/tex/generic/p
gf/math/pgfmathutil.code.tex)
(d:/Program Files (x86)/Work applications/texlive/2026/texmf-dist/tex/generic/p
gf/math/pgfmathparser.code.tex
\pgfmath@dimen=\dimen319
\pgfmath@count=\count402
\pgfmath@box=\box76
\pgfmath@toks=\toks42
\pgfmath@stack@operand=\toks43
\pgfmath@stack@operation=\toks44
)
(d:/Program Files (x86)/Work applications/texlive/2026/texmf-dist/tex/generic/p
gf/math/pgfmathfunctions.code.tex)
(d:/Program Files (x86)/Work applications/texlive/2026/texmf-dist/tex/generic/p
gf/math/pgfmathfunctions.basic.code.tex)
(d:/Program Files (x86)/Work applications/texlive/2026/texmf-dist/tex/generic/p
gf/math/pgfmathfunctions.trigonometric.code.tex)
(d:/Program Files (x86)/Work applications/texlive/2026/texmf-dist/tex/generic/p
gf/math/pgfmathfunctions.random.code.tex)
(d:/Program Files (x86)/Work applications/texlive/2026/texmf-dist/tex/generic/p
gf/math/pgfmathfunctions.comparison.code.tex)
(d:/Program Files (x86)/Work applications/texlive/2026/texmf-dist/tex/generic/p
gf/math/pgfmathfunctions.base.code.tex)
(d:/Program Files (x86)/Work applications/texlive/2026/texmf-dist/tex/generic/p
gf/math/pgfmathfunctions.round.code.tex)
(d:/Program Files (x86)/Work applications/texlive/2026/texmf-dist/tex/generic/p
gf/math/pgfmathfunctions.misc.code.tex)
(d:/Program Files (x86)/Work applications/texlive/2026/texmf-dist/tex/generic/p
gf/math/pgfmathfunctions.integerarithmetics.code.tex)
(d:/Program Files (x86)/Work applications/texlive/2026/texmf-dist/tex/generic/p
gf/math/pgfmathcalc.code.tex)
(d:/Program Files (x86)/Work applications/texlive/2026/texmf-dist/tex/generic/p
gf/math/pgfmathfloat.code.tex
\c@pgfmathroundto@lastzeros=\count403
))
(d:/Program Files (x86)/Work applications/texlive/2026/texmf-dist/tex/generic/p
gf/math/pgfint.code.tex)
(d:/Program Files (x86)/Work applications/texlive/2026/texmf-dist/tex/generic/p
gf/basiclayer/pgfcorepoints.code.tex
File: pgfcorepoints.code.tex 2025-08-29 v3.1.11a (3.1.11a)
\pgf@picminx=\dimen320
\pgf@picmaxx=\dimen321
\pgf@picminy=\dimen322
\pgf@picmaxy=\dimen323
\pgf@pathminx=\dimen324
\pgf@pathmaxx=\dimen325
\pgf@pathminy=\dimen326
\pgf@pathmaxy=\dimen327
\pgf@xx=\dimen328
\pgf@xy=\dimen329
\pgf@yx=\dimen330
\pgf@yy=\dimen331
\pgf@zx=\dimen332
\pgf@zy=\dimen333
)
(d:/Program Files (x86)/Work applications/texlive/2026/texmf-dist/tex/generic/p
gf/basiclayer/pgfcorepathconstruct.code.tex
File: pgfcorepathconstruct.code.tex 2025-08-29 v3.1.11a (3.1.11a)
\pgf@path@lastx=\dimen334
\pgf@path@lasty=\dimen335
)
(d:/Program Files (x86)/Work applications/texlive/2026/texmf-dist/tex/generic/p
gf/basiclayer/pgfcorepathusage.code.tex
File: pgfcorepathusage.code.tex 2025-08-29 v3.1.11a (3.1.11a)
\pgf@shorten@end@additional=\dimen336
\pgf@shorten@start@additional=\dimen337
)
(d:/Program Files (x86)/Work applications/texlive/2026/texmf-dist/tex/generic/p
gf/basiclayer/pgfcorescopes.code.tex
File: pgfcorescopes.code.tex 2025-08-29 v3.1.11a (3.1.11a)
\pgfpic=\box77
\pgf@hbox=\box78
\pgf@layerbox@main=\box79
\pgf@picture@serial@count=\count404
)
(d:/Program Files (x86)/Work applications/texlive/2026/texmf-dist/tex/generic/p
gf/basiclayer/pgfcoregraphicstate.code.tex
File: pgfcoregraphicstate.code.tex 2025-08-29 v3.1.11a (3.1.11a)
\pgflinewidth=\dimen338
)
(d:/Program Files (x86)/Work applications/texlive/2026/texmf-dist/tex/generic/p
gf/basiclayer/pgfcoretransformations.code.tex
File: pgfcoretransformations.code.tex 2025-08-29 v3.1.11a (3.1.11a)
\pgf@pt@x=\dimen339
\pgf@pt@y=\dimen340
\pgf@pt@temp=\dimen341
)
(d:/Program Files (x86)/Work applications/texlive/2026/texmf-dist/tex/generic/p
gf/basiclayer/pgfcorequick.code.tex
File: pgfcorequick.code.tex 2025-08-29 v3.1.11a (3.1.11a)
)
(d:/Program Files (x86)/Work applications/texlive/2026/texmf-dist/tex/generic/p
gf/basiclayer/pgfcoreobjects.code.tex
File: pgfcoreobjects.code.tex 2025-08-29 v3.1.11a (3.1.11a)
)
(d:/Program Files (x86)/Work applications/texlive/2026/texmf-dist/tex/generic/p
gf/basiclayer/pgfcorepathprocessing.code.tex
File: pgfcorepathprocessing.code.tex 2025-08-29 v3.1.11a (3.1.11a)
)
(d:/Program Files (x86)/Work applications/texlive/2026/texmf-dist/tex/generic/p
gf/basiclayer/pgfcorearrows.code.tex
File: pgfcorearrows.code.tex 2025-08-29 v3.1.11a (3.1.11a)
\pgfarrowsep=\dimen342
)
(d:/Program Files (x86)/Work applications/texlive/2026/texmf-dist/tex/generic/p
gf/basiclayer/pgfcoreshade.code.tex
File: pgfcoreshade.code.tex 2025-08-29 v3.1.11a (3.1.11a)
\pgf@max=\dimen343
\pgf@sys@shading@range@num=\count405
\pgf@shadingcount=\count406
)
(d:/Program Files (x86)/Work applications/texlive/2026/texmf-dist/tex/generic/p
gf/basiclayer/pgfcoreimage.code.tex
File: pgfcoreimage.code.tex 2025-08-29 v3.1.11a (3.1.11a)
)
(d:/Program Files (x86)/Work applications/texlive/2026/texmf-dist/tex/generic/p
gf/basiclayer/pgfcoreexternal.code.tex
File: pgfcoreexternal.code.tex 2025-08-29 v3.1.11a (3.1.11a)
\pgfexternal@startupbox=\box80
)
(d:/Program Files (x86)/Work applications/texlive/2026/texmf-dist/tex/generic/p
gf/basiclayer/pgfcorelayers.code.tex
File: pgfcorelayers.code.tex 2025-08-29 v3.1.11a (3.1.11a)
)
(d:/Program Files (x86)/Work applications/texlive/2026/texmf-dist/tex/generic/p
gf/basiclayer/pgfcoretransparency.code.tex
File: pgfcoretransparency.code.tex 2025-08-29 v3.1.11a (3.1.11a)
)
(d:/Program Files (x86)/Work applications/texlive/2026/texmf-dist/tex/generic/p
gf/basiclayer/pgfcorepatterns.code.tex
File: pgfcorepatterns.code.tex 2025-08-29 v3.1.11a (3.1.11a)
)
(d:/Program Files (x86)/Work applications/texlive/2026/texmf-dist/tex/generic/p
gf/basiclayer/pgfcorerdf.code.tex
File: pgfcorerdf.code.tex 2025-08-29 v3.1.11a (3.1.11a)
)))
(d:/Program Files (x86)/Work applications/texlive/2026/texmf-dist/tex/generic/p
gf/modules/pgfmoduleshapes.code.tex
File: pgfmoduleshapes.code.tex 2025-08-29 v3.1.11a (3.1.11a)
\pgfnodeparttextbox=\box81
)
(d:/Program Files (x86)/Work applications/texlive/2026/texmf-dist/tex/generic/p
gf/modules/pgfmoduleplot.code.tex
File: pgfmoduleplot.code.tex 2025-08-29 v3.1.11a (3.1.11a)
)
(d:/Program Files (x86)/Work applications/texlive/2026/texmf-dist/tex/latex/pgf
/compatibility/pgfcomp-version-0-65.sty
Package: pgfcomp-version-0-65 2025-08-29 v3.1.11a (3.1.11a)
\pgf@nodesepstart=\dimen344
\pgf@nodesepend=\dimen345
)
(d:/Program Files (x86)/Work applications/texlive/2026/texmf-dist/tex/latex/pgf
/compatibility/pgfcomp-version-1-18.sty
Package: pgfcomp-version-1-18 2025-08-29 v3.1.11a (3.1.11a)
))
(d:/Program Files (x86)/Work applications/texlive/2026/texmf-dist/tex/latex/pgf
/utilities/pgffor.sty
(d:/Program Files (x86)/Work applications/texlive/2026/texmf-dist/tex/latex/pgf
/utilities/pgfkeys.sty
(d:/Program Files (x86)/Work applications/texlive/2026/texmf-dist/tex/generic/p
gf/utilities/pgfkeys.code.tex))
(d:/Program Files (x86)/Work applications/texlive/2026/texmf-dist/tex/latex/pgf
/math/pgfmath.sty
(d:/Program Files (x86)/Work applications/texlive/2026/texmf-dist/tex/generic/p
gf/math/pgfmath.code.tex))
(d:/Program Files (x86)/Work applications/texlive/2026/texmf-dist/tex/generic/p
gf/utilities/pgffor.code.tex
Package: pgffor 2025-08-29 v3.1.11a (3.1.11a)
\pgffor@iter=\dimen346
\pgffor@skip=\dimen347
\pgffor@stack=\toks45
\pgffor@toks=\toks46
))
(d:/Program Files (x86)/Work applications/texlive/2026/texmf-dist/tex/generic/p
gf/frontendlayer/tikz/tikz.code.tex
Package: tikz 2025-08-29 v3.1.11a (3.1.11a)

(d:/Program Files (x86)/Work applications/texlive/2026/texmf-dist/tex/generic/p
gf/libraries/pgflibraryplothandlers.code.tex
File: pgflibraryplothandlers.code.tex 2025-08-29 v3.1.11a (3.1.11a)
\pgf@plot@mark@count=\count407
\pgfplotmarksize=\dimen348
)
\tikz@lastx=\dimen349
\tikz@lasty=\dimen350
\tikz@lastxsaved=\dimen351
\tikz@lastysaved=\dimen352
\tikz@lastmovetox=\dimen353
\tikz@lastmovetoy=\dimen354
\tikzleveldistance=\dimen355
\tikzsiblingdistance=\dimen356
\tikz@figbox=\box82
\tikz@figbox@bg=\box83
\tikz@tempbox=\box84
\tikz@tempbox@bg=\box85
\tikztreelevel=\count408
\tikznumberofchildren=\count409
\tikznumberofcurrentchild=\count410
\tikz@fig@count=\count411

(d:/Program Files (x86)/Work applications/texlive/2026/texmf-dist/tex/generic/p
gf/modules/pgfmodulematrix.code.tex
File: pgfmodulematrix.code.tex 2025-08-29 v3.1.11a (3.1.11a)
\pgfmatrixcurrentrow=\count412
\pgfmatrixcurrentcolumn=\count413
\pgf@matrix@numberofcolumns=\count414
)
\tikz@expandcount=\count415

(d:/Program Files (x86)/Work applications/texlive/2026/texmf-dist/tex/generic/p
gf/frontendlayer/tikz/libraries/tikzlibrarytopaths.code.tex
File: tikzlibrarytopaths.code.tex 2025-08-29 v3.1.11a (3.1.11a)
)))
(d:/Program Files (x86)/Work applications/texlive/2026/texmf-dist/tex/latex/mdf
ramed/md-frame-1.mdf
File: md-frame-1.mdf 2013/07/01\ 1.9b: md-frame-1
)
\mdf@frametitlebox=\box86
\mdf@footnotebox=\box87
\mdf@splitbox@one=\box88
\mdf@splitbox@two=\box89
\mdf@splitbox@save=\box90
\mdfsplitboxwidth=\skip152
\mdfsplitboxtotalwidth=\skip153
\mdfsplitboxheight=\skip154
\mdfsplitboxdepth=\skip155
\mdfsplitboxtotalheight=\skip156
\mdfframetitleboxwidth=\skip157
\mdfframetitleboxtotalwidth=\skip158
\mdfframetitleboxheight=\skip159
\mdfframetitleboxdepth=\skip160
\mdfframetitleboxtotalheight=\skip161
\mdffootnoteboxwidth=\skip162
\mdffootnoteboxtotalwidth=\skip163
\mdffootnoteboxheight=\skip164
\mdffootnoteboxdepth=\skip165
\mdffootnoteboxtotalheight=\skip166
\mdftotallinewidth=\skip167
\mdfboundingboxwidth=\skip168
\mdfboundingboxtotalwidth=\skip169
\mdfboundingboxheight=\skip170
\mdfboundingboxdepth=\skip171
\mdfboundingboxtotalheight=\skip172
\mdf@freevspace@length=\skip173
\mdf@horizontalwidthofbox@length=\skip174
\mdf@verticalmarginwhole@length=\skip175
\mdf@horizontalspaceofbox=\skip176
\mdfsubtitleheight=\skip177
\mdfsubsubtitleheight=\skip178
\c@mdfcountframes=\count416

****** mdframed patching \endmdf@trivlist

****** -- success******

\mdf@envdepth=\count417
\c@mdf@env@i=\count418
\c@mdf@env@ii=\count419
\c@mdf@zref@counter=\count420
Package zref Info: New property: mdf@pagevalue on input line 895.
)
\c@Question=\count421
 (./annotate-equations.sty
Package: annotate-equations 2023/05/06 v0.2.2 easily annotate equations using T
ikZ

(d:/Program Files (x86)/Work applications/texlive/2026/texmf-dist/tex/generic/i
ftex/ifluatex.sty
Package: ifluatex 2019/10/25 v1.5 ifluatex legacy package. Use iftex instead.
)
(d:/Program Files (x86)/Work applications/texlive/2026/texmf-dist/tex/generic/p
gf/frontendlayer/tikz/libraries/tikzlibrarybackgrounds.code.tex
File: tikzlibrarybackgrounds.code.tex 2025-08-29 v3.1.11a (3.1.11a)
\pgf@layerbox@background=\box91
\pgf@layerboxsaved@background=\box92
)
(d:/Program Files (x86)/Work applications/texlive/2026/texmf-dist/tex/generic/p
gf/frontendlayer/tikz/libraries/tikzlibraryarrows.code.tex
File: tikzlibraryarrows.code.tex 2025-08-29 v3.1.11a (3.1.11a)

(d:/Program Files (x86)/Work applications/texlive/2026/texmf-dist/tex/generic/p
gf/libraries/pgflibraryarrows.code.tex
File: pgflibraryarrows.code.tex 2025-08-29 v3.1.11a (3.1.11a)
\arrowsize=\dimen357
))
(d:/Program Files (x86)/Work applications/texlive/2026/texmf-dist/tex/generic/p
gf/frontendlayer/tikz/libraries/tikzlibraryshapes.code.tex
File: tikzlibraryshapes.code.tex 2025-08-29 v3.1.11a (3.1.11a)

(d:/Program Files (x86)/Work applications/texlive/2026/texmf-dist/tex/generic/p
gf/frontendlayer/tikz/libraries/tikzlibraryshapes.geometric.code.tex
File: tikzlibraryshapes.geometric.code.tex 2025-08-29 v3.1.11a (3.1.11a)

(d:/Program Files (x86)/Work applications/texlive/2026/texmf-dist/tex/generic/p
gf/libraries/shapes/pgflibraryshapes.geometric.code.tex
File: pgflibraryshapes.geometric.code.tex 2025-08-29 v3.1.11a (3.1.11a)
))
(d:/Program Files (x86)/Work applications/texlive/2026/texmf-dist/tex/generic/p
gf/frontendlayer/tikz/libraries/tikzlibraryshapes.misc.code.tex
File: tikzlibraryshapes.misc.code.tex 2025-08-29 v3.1.11a (3.1.11a)

(d:/Program Files (x86)/Work applications/texlive/2026/texmf-dist/tex/generic/p
gf/libraries/shapes/pgflibraryshapes.misc.code.tex
File: pgflibraryshapes.misc.code.tex 2025-08-29 v3.1.11a (3.1.11a)
))
(d:/Program Files (x86)/Work applications/texlive/2026/texmf-dist/tex/generic/p
gf/frontendlayer/tikz/libraries/tikzlibraryshapes.symbols.code.tex
File: tikzlibraryshapes.symbols.code.tex 2025-08-29 v3.1.11a (3.1.11a)

(d:/Program Files (x86)/Work applications/texlive/2026/texmf-dist/tex/generic/p
gf/libraries/shapes/pgflibraryshapes.symbols.code.tex
File: pgflibraryshapes.symbols.code.tex 2025-08-29 v3.1.11a (3.1.11a)
))
(d:/Program Files (x86)/Work applications/texlive/2026/texmf-dist/tex/generic/p
gf/frontendlayer/tikz/libraries/tikzlibraryshapes.arrows.code.tex
File: tikzlibraryshapes.arrows.code.tex 2025-08-29 v3.1.11a (3.1.11a)

(d:/Program Files (x86)/Work applications/texlive/2026/texmf-dist/tex/generic/p
gf/libraries/shapes/pgflibraryshapes.arrows.code.tex
File: pgflibraryshapes.arrows.code.tex 2025-08-29 v3.1.11a (3.1.11a)
))
(d:/Program Files (x86)/Work applications/texlive/2026/texmf-dist/tex/generic/p
gf/frontendlayer/tikz/libraries/tikzlibraryshapes.callouts.code.tex
(d:/Program Files (x86)/Work applications/texlive/2026/texmf-dist/tex/generic/p
gf/libraries/shapes/pgflibraryshapes.callouts.code.tex))
(d:/Program Files (x86)/Work applications/texlive/2026/texmf-dist/tex/generic/p
gf/frontendlayer/tikz/libraries/tikzlibraryshapes.multipart.code.tex
File: tikzlibraryshapes.multipart.code.tex 2025-08-29 v3.1.11a (3.1.11a)

(d:/Program Files (x86)/Work applications/texlive/2026/texmf-dist/tex/generic/p
gf/libraries/shapes/pgflibraryshapes.multipart.code.tex
File: pgflibraryshapes.multipart.code.tex 2025-08-29 v3.1.11a (3.1.11a)
\pgfnodepartlowerbox=\box93
\pgfnodeparttwobox=\box94
\pgfnodepartthreebox=\box95
\pgfnodepartfourbox=\box96
\pgfnodeparttwentybox=\box97
\pgfnodepartnineteenbox=\box98
\pgfnodeparteighteenbox=\box99
\pgfnodepartseventeenbox=\box100
\pgfnodepartsixteenbox=\box101
\pgfnodepartfifteenbox=\box102
\pgfnodepartfourteenbox=\box103
\pgfnodepartthirteenbox=\box104
\pgfnodeparttwelvebox=\box105
\pgfnodepartelevenbox=\box106
\pgfnodeparttenbox=\box107
\pgfnodepartninebox=\box108
\pgfnodeparteightbox=\box109
\pgfnodepartsevenbox=\box110
\pgfnodepartsixbox=\box111
\pgfnodepartfivebox=\box112
)))
(d:/Program Files (x86)/Work applications/texlive/2026/texmf-dist/tex/latex/tik
zmark/tikzlibrarytikzmark.code.tex
File: tikzlibrarytikzmark.code.tex 2022/08/24 v1.15 TikZ library for marking po
sitions in a document

(d:/Program Files (x86)/Work applications/texlive/2026/texmf-dist/tex/latex/l3p
ackages/l3keys2e/l3keys2e.sty
Package: l3keys2e 2025-10-09 LaTeX2e option processing using LaTeX3 keys
)
\l__sn_x_dim=\dimen358
\l__sn_y_dim=\dimen359
\l__sn_xa_dim=\dimen360
\l__sn_ya_dim=\dimen361
)
(d:/Program Files (x86)/Work applications/texlive/2026/texmf-dist/tex/generic/p
gf/frontendlayer/tikz/libraries/tikzlibrarycalc.code.tex
File: tikzlibrarycalc.code.tex 2025-08-29 v3.1.11a (3.1.11a)
)
\c@eqnannotatenode=\count422
))
(d:/Program Files (x86)/Work applications/texlive/2026/texmf-dist/tex/latex/eso
-pic/eso-pic.sty
Package: eso-pic 2025/12/10 v3.0d eso-pic (RN)
\ESO@tempdima=\dimen362
\ESO@tempdimb=\dimen363
) (out/article.aux)
\openout1 = `article.aux'.

LaTeX Font Info:    Checking defaults for OML/cmm/m/it on input line 61.
LaTeX Font Info:    ... okay on input line 61.
LaTeX Font Info:    Checking defaults for OMS/cmsy/m/n on input line 61.
LaTeX Font Info:    ... okay on input line 61.
LaTeX Font Info:    Checking defaults for OT1/cmr/m/n on input line 61.
LaTeX Font Info:    ... okay on input line 61.
LaTeX Font Info:    Checking defaults for T1/cmr/m/n on input line 61.
LaTeX Font Info:    ... okay on input line 61.
LaTeX Font Info:    Checking defaults for TS1/cmr/m/n on input line 61.
LaTeX Font Info:    ... okay on input line 61.
LaTeX Font Info:    Checking defaults for TU/lmr/m/n on input line 61.
LaTeX Font Info:    ... okay on input line 61.
LaTeX Font Info:    Checking defaults for OMX/cmex/m/n on input line 61.
LaTeX Font Info:    ... okay on input line 61.
LaTeX Font Info:    Checking defaults for U/cmr/m/n on input line 61.
LaTeX Font Info:    ... okay on input line 61.
LaTeX Font Info:    Checking defaults for PD1/pdf/m/n on input line 61.
LaTeX Font Info:    ... okay on input line 61.
LaTeX Font Info:    Checking defaults for PU/pdf/m/n on input line 61.
LaTeX Font Info:    ... okay on input line 61.
\symlegacymaths=\mathgroup9
LaTeX Font Info:    Overwriting symbol font `legacymaths' in version `bold'
(Font)                  OT1/cmr/m/n --> OT1/cmr/bx/n on input line 61.
LaTeX Font Info:    Redeclaring math accent \acute on input line 61.
LaTeX Font Info:    Redeclaring math accent \grave on input line 61.
LaTeX Font Info:    Redeclaring math accent \ddot on input line 61.
LaTeX Font Info:    Redeclaring math accent \tilde on input line 61.
LaTeX Font Info:    Redeclaring math accent \bar on input line 61.
LaTeX Font Info:    Redeclaring math accent \breve on input line 61.
LaTeX Font Info:    Redeclaring math accent \check on input line 61.
LaTeX Font Info:    Redeclaring math accent \hat on input line 61.
LaTeX Font Info:    Redeclaring math accent \dot on input line 61.
LaTeX Font Info:    Redeclaring math accent \mathring on input line 61.
LaTeX Font Info:    Redeclaring math symbol \Gamma on input line 61.
LaTeX Font Info:    Redeclaring math symbol \Delta on input line 61.
LaTeX Font Info:    Redeclaring math symbol \Theta on input line 61.
LaTeX Font Info:    Redeclaring math symbol \Lambda on input line 61.
LaTeX Font Info:    Redeclaring math symbol \Xi on input line 61.
LaTeX Font Info:    Redeclaring math symbol \Pi on input line 61.
LaTeX Font Info:    Redeclaring math symbol \Sigma on input line 61.
LaTeX Font Info:    Redeclaring math symbol \Upsilon on input line 61.
LaTeX Font Info:    Redeclaring math symbol \Phi on input line 61.
LaTeX Font Info:    Redeclaring math symbol \Psi on input line 61.
LaTeX Font Info:    Redeclaring math symbol \Omega on input line 61.
LaTeX Font Info:    Redeclaring math symbol \mathdollar on input line 61.
LaTeX Font Info:    Redeclaring symbol font `operators' on input line 61.
LaTeX Font Info:    Encoding `OT1' has changed to `TU' for symbol font
(Font)              `operators' in the math version `normal' on input line 61.
LaTeX Font Info:    Overwriting symbol font `operators' in version `normal'
(Font)                  OT1/cmr/m/n --> TU/TimesNewRoman(0)/m/n on input line 6
1.
LaTeX Font Info:    Encoding `OT1' has changed to `TU' for symbol font
(Font)              `operators' in the math version `bold' on input line 61.
LaTeX Font Info:    Overwriting symbol font `operators' in version `bold'
(Font)                  OT1/cmr/bx/n --> TU/TimesNewRoman(0)/m/n on input line 
61.
LaTeX Font Info:    Overwriting symbol font `operators' in version `normal'
(Font)                  TU/TimesNewRoman(0)/m/n --> TU/TimesNewRoman(0)/m/n on 
input line 61.
LaTeX Font Info:    Overwriting math alphabet `\mathit' in version `normal'
(Font)                  OT1/cmr/m/it --> TU/TimesNewRoman(0)/m/it on input line
 61.
LaTeX Font Info:    Overwriting math alphabet `\mathbf' in version `normal'
(Font)                  OT1/cmr/bx/n --> TU/TimesNewRoman(0)/b/n on input line 
61.
LaTeX Font Info:    Overwriting math alphabet `\mathsf' in version `normal'
(Font)                  OT1/cmss/m/n --> TU/Arial(0)/m/n on input line 61.
LaTeX Font Info:    Overwriting math alphabet `\mathtt' in version `normal'
(Font)                  OT1/cmtt/m/n --> TU/YaHei.Consolas.1.11b.ttf(1)/m/n on 
input line 61.
LaTeX Font Info:    Overwriting symbol font `operators' in version `bold'
(Font)                  TU/TimesNewRoman(0)/m/n --> TU/TimesNewRoman(0)/b/n on 
input line 61.
LaTeX Font Info:    Overwriting math alphabet `\mathit' in version `bold'
(Font)                  OT1/cmr/bx/it --> TU/TimesNewRoman(0)/b/it on input lin
e 61.
LaTeX Font Info:    Overwriting math alphabet `\mathsf' in version `bold'
(Font)                  OT1/cmss/bx/n --> TU/Arial(0)/b/n on input line 61.
LaTeX Font Info:    Overwriting math alphabet `\mathtt' in version `bold'
(Font)                  OT1/cmtt/m/n --> TU/YaHei.Consolas.1.11b.ttf(1)/b/n on 
input line 61.

*geometry* driver: auto-detecting
*geometry* detected driver: xetex
*geometry* verbose mode - [ preamble ] result:
* driver: xetex
* paper: <default>
* layout: <same size as paper>
* layoutoffset:(h,v)=(0.0pt,0.0pt)
* modes: 
* h-part:(L,W,R)=(71.13188pt, 455.24411pt, 71.13188pt)
* v-part:(T,H,B)=(71.13188pt, 702.78308pt, 71.13188pt)
* \paperwidth=597.50787pt
* \paperheight=845.04684pt
* \textwidth=455.24411pt
* \textheight=702.78308pt
* \oddsidemargin=-1.1381pt
* \evensidemargin=-1.1381pt
* \topmargin=-38.1381pt
* \headheight=12.0pt
* \headsep=25.0pt
* \topskip=12.0pt
* \footskip=30.0pt
* \marginparwidth=35.0pt
* \marginparsep=10.0pt
* \columnsep=10.0pt
* \skip\footins=10.8pt plus 4.0pt minus 2.0pt
* \hoffset=0.0pt
* \voffset=0.0pt
* \mag=1000
* \@twocolumnfalse
* \@twosidefalse
* \@mparswitchfalse
* \@reversemarginfalse
* (1in=72.27pt=25.4mm, 1cm=28.453pt)

\c@lstlisting=\count423
Package caption Info: Begin \AtBeginDocument code.
Package caption Info: hyperref package is loaded.
Package caption Info: End \AtBeginDocument code.
Package hyperref Info: Link coloring ON on input line 61.
(out/article.out) (out/article.out)
\@outlinefile=\write5
\openout5 = `article.out'.

File: figures/封面.jpg Graphic file (type bmp)
<figures/封面.jpg>
File: figures/背景图.jpg Graphic file (type bmp)
<figures/背景图.jpg>
 [1

] (./sections/frontmatter.tex
File: figures/背景图.jpg Graphic file (type bmp)
<figures/背景图.jpg>
 [2]
(out/article.toc
LaTeX Font Info:    Trying to load font information for U+msa on input line 1.

(d:/Program Files (x86)/Work applications/texlive/2026/texmf-dist/tex/latex/ams
fonts/umsa.fd
File: umsa.fd 2013/01/14 v3.01 AMS symbols A
)
LaTeX Font Info:    Trying to load font information for U+msb on input line 1.

(d:/Program Files (x86)/Work applications/texlive/2026/texmf-dist/tex/latex/ams
fonts/umsb.fd
File: umsb.fd 2013/01/14 v3.01 AMS symbols B
)
File: figures/背景图.jpg Graphic file (type bmp)
<figures/背景图.jpg>
 [3

])
\tf@toc=\write6
\openout6 = `article.toc'.

File: figures/背景图.jpg Graphic file (type bmp)
<figures/背景图.jpg>
 [4] (out/article.lof
LaTeX Font Info:    Calculating math sizes for size <12.05> on input line 1.
)
\tf@lof=\write7
\openout7 = `article.lof'.

File: figures/背景图.jpg Graphic file (type bmp)
<figures/背景图.jpg>
 [5

] (out/article.lot)
\tf@lot=\write8
\openout8 = `article.lot'.

File: figures/背景图.jpg Graphic file (type bmp)
<figures/背景图.jpg>
 [6

])
(./sections/sec01_intro.tex
File: figures/图片1.png Graphic file (type bmp)
<figures/图片1.png>


LaTeX Font Warning: Font shape `TU/SimSun(1)/b/n' undefined
(Font)              using `TU/SimSun(1)/m/n' instead on input line 19.

File: figures/背景图.jpg Graphic file (type bmp)
<figures/背景图.jpg>
[7

]
File: figures/图片2.png Graphic file (type bmp)
<figures/图片2.png>
File: figures/图片3.png Graphic file (type bmp)
<figures/图片3.png>
File: figures/背景图.jpg Graphic file (type bmp)
<figures/背景图.jpg>
 [8]
File: figures/env_noise_period.png Graphic file (type bmp)
<figures/env_noise_period.png>
File: figures/env_noise_year.png Graphic file (type bmp)
<figures/env_noise_year.png>
File: figures/背景图.jpg Graphic file (type bmp)
<figures/背景图.jpg>
 [9]
File: figures/图片5.png Graphic file (type bmp)
<figures/图片5.png>
File: figures/背景图.jpg Graphic file (type bmp)
<figures/背景图.jpg>
 [10]
File: figures/背景图.jpg Graphic file (type bmp)
<figures/背景图.jpg>
 [11]
File: figures/图片6.png Graphic file (type bmp)
<figures/图片6.png>
File: figures/图片7.png Graphic file (type bmp)
<figures/图片7.png>
File: figures/背景图.jpg Graphic file (type bmp)
<figures/背景图.jpg>
 [12]) (./sections/sec02_design.tex
File: figures/背景图.jpg Graphic file (type bmp)
<figures/背景图.jpg>
 [13]
File: figures/背景图.jpg Graphic file (type bmp)
<figures/背景图.jpg>
 [14]
File: figures/图片8.png Graphic file (type bmp)
<figures/图片8.png>
File: figures/背景图.jpg Graphic file (type bmp)
<figures/背景图.jpg>
 [15]
File: figures/背景图.jpg Graphic file (type bmp)
<figures/背景图.jpg>

[16]
File: figures/背景图.jpg Graphic file (type bmp)
<figures/背景图.jpg>
 [17]
File: figures/背景图.jpg Graphic file (type bmp)
<figures/背景图.jpg>
 [18]
File: figures/背景图.jpg Graphic file (type bmp)
<figures/背景图.jpg>
 [19]) (./sections/sec03_preprocess.tex
File: figures/背景图.jpg Graphic file (type bmp)
<figures/背景图.jpg>
 [20]
File: figures/图片9.png Graphic file (type bmp)
<figures/图片9.png>
File: figures/背景图.jpg Graphic file (type bmp)
<figures/背景图.jpg>
 [21]
Overfull \hbox (13.0172pt too wide) in paragraph at lines 46--46
 []|[]| 
 []

File: figures/背景图.jpg Graphic file (type bmp)
<figures/背景图.jpg>
[22]
Overfull \vbox (4.95593pt too high) has occurred while \output is active []

File: figures/背景图.jpg Graphic file (type bmp)
<figures/背景图.jpg>

[23]) (./sections/sec04_quality.tex
File: figures/背景图.jpg Graphic file (type bmp)
<figures/背景图.jpg>
 [24]
File: figures/背景图.jpg Graphic file (type bmp)
<figures/背景图.jpg>
 [25])
(./sections/sec05_descriptive.tex
File: figures/板块1_性别构成.png Graphic file (type bmp)
<figures/板块1_性别构成.png>
File: figures/板块2_城市分布.png Graphic file (type bmp)
<figures/板块2_城市分布.png>
File: figures/板块3_年龄构成.png Graphic file (type bmp)
<figures/板块3_年龄构成.png>
File: figures/板块4_文化程度.png Graphic file (type bmp)
<figures/板块4_文化程度.png>
File: figures/板块5_居住区域.png Graphic file (type bmp)
<figures/板块5_居住区域.png>
File: figures/板块6_职业构成.png Graphic file (type bmp)
<figures/板块6_职业构成.png>
File: figures/背景图.jpg Graphic file (type bmp)
<figures/背景图.jpg>
 [26]
File: figures/背景图.jpg Graphic file (type bmp)
<figures/背景图.jpg>
 [27]
File: figures/图片11.png Graphic file (type bmp)
<figures/图片11.png>
File: figures/背景图.jpg Graphic file (type bmp)
<figures/背景图.jpg>
 [28]
File: figures/图片12.png Graphic file (type bmp)
<figures/图片12.png>
File: figures/背景图.jpg Graphic file (type bmp)
<figures/背景图.jpg>
 [29]
File: figures/图片13.png Graphic file (type bmp)
<figures/图片13.png>
File: figures/背景图.jpg Graphic file (type bmp)
<figures/背景图.jpg>
 [30]
File: figures/图片14.png Graphic file (type bmp)
<figures/图片14.png>
File: figures/图片15.png Graphic file (type bmp)
<figures/图片15.png>
File: figures/背景图.jpg Graphic file (type bmp)
<figures/背景图.jpg>
 [31]
File: figures/图片16.png Graphic file (type bmp)
<figures/图片16.png>
)
(./sections/sec06_efa.tex
File: figures/背景图.jpg Graphic file (type bmp)
<figures/背景图.jpg>
 [32]
File: figures/背景图.jpg Graphic file (type bmp)
<figures/背景图.jpg>
 [33]
Overfull \hbox (2.69916pt too wide) in paragraph at lines 73--74
[]\TU/SimSun(0)/m/n/12.05 由 表[][]\TU/TimesNewRoman(0)/m/n/12.05 10[][]\TU/SimSu
n(0)/m/n/12.05 可 知，|  经 过 凯 撒 正 态 化 最 大 方 差 法 旋 转 后 各 因 子 的 方 差 贡 献 率 分 别 为 \TU
/TimesNewRoman(0)/m/n/12.05 19.53%\TU/SimSun(0)/m/n/12.05 、|
 []

File: figures/背景图.jpg Graphic file (type bmp)
<figures/背景图.jpg>
[34]
File: figures/图片17.png Graphic file (type bmp)
<figures/图片17.png>
File: figures/图片18.png Graphic file (type bmp)
<figures/图片18.png>
File: figures/背景图.jpg Graphic file (type bmp)
<figures/背景图.jpg>
 [35]
File: figures/背景图.jpg Graphic file (type bmp)
<figures/背景图.jpg>
 [36]
File: figures/背景图.jpg Graphic file (type bmp)
<figures/背景图.jpg>
 [37]) (./sections/sec07_cluster.tex
File: figures/cluster_radar.png Graphic file (type bmp)
<figures/cluster_radar.png>
File: figures/背景图.jpg Graphic file (type bmp)
<figures/背景图.jpg>
 [38]
File: figures/cluster_3d.png Graphic file (type bmp)
<figures/cluster_3d.png>
File: figures/背景图.jpg Graphic file (type bmp)
<figures/背景图.jpg>
 [39]
File: figures/背景图.jpg Graphic file (type bmp)
<figures/背景图.jpg>
 [40])
(./sections/sec08_logistic.tex
File: figures/背景图.jpg Graphic file (type bmp)
<figures/背景图.jpg>
 [41]
File: figures/背景图.jpg Graphic file (type bmp)
<figures/背景图.jpg>
 [42]
File: figures/背景图.jpg Graphic file (type bmp)
<figures/背景图.jpg>
 [43]
File: figures/背景图.jpg Graphic file (type bmp)
<figures/背景图.jpg>
 [44]
File: figures/背景图.jpg Graphic file (type bmp)
<figures/背景图.jpg>
 [45]
File: figures/背景图.jpg Graphic file (type bmp)
<figures/背景图.jpg>
 [46]
File: figures/背景图.jpg Graphic file (type bmp)
<figures/背景图.jpg>
 [47]
File: figures/背景图.jpg Graphic file (type bmp)
<figures/背景图.jpg>
 [48]
File: figures/compare_radar.png Graphic file (type bmp)
<figures/compare_radar.png>
File: figures/背景图.jpg Graphic file (type bmp)
<figures/背景图.jpg>
 [49]
File: figures/compare_confusion_logistic.png Graphic file (type bmp)
<figures/compare_confusion_logistic.png>
File: figures/compare_confusion_randomforest.png Graphic file (type bmp)
<figures/compare_confusion_randomforest.png>
File: figures/compare_confusion_xgboost.png Graphic file (type bmp)
<figures/compare_confusion_xgboost.png>
File: figures/背景图.jpg Graphic file (type bmp)
<figures/背景图.jpg>

[50]) (./sections/sec09_sem.tex
File: figures/背景图.jpg Graphic file (type bmp)
<figures/背景图.jpg>
 [51]) (./sections/sec10_decision.tex
File: figures/背景图.jpg Graphic file (type bmp)
<figures/背景图.jpg>
 [52])
(./sections/sec11_conclusion.tex
File: figures/背景图.jpg Graphic file (type bmp)
<figures/背景图.jpg>
 [53]
File: figures/图片21.png Graphic file (type bmp)
<figures/图片21.png>
File: figures/背景图.jpg Graphic file (type bmp)
<figures/背景图.jpg>
 [54]
File: figures/背景图.jpg Graphic file (type bmp)
<figures/背景图.jpg>
 [55])
(./sections/sec12_limitation.tex
File: figures/背景图.jpg Graphic file (type bmp)
<figures/背景图.jpg>
 [56]) (./sections/references.tex
File: figures/背景图.jpg Graphic file (type bmp)
<figures/背景图.jpg>
 [57])
(./sections/appendix.tex
File: figures/背景图.jpg Graphic file (type bmp)
<figures/背景图.jpg>
 [58]
File: figures/背景图.jpg Graphic file (type bmp)
<figures/背景图.jpg>
 [59]
File: figures/背景图.jpg Graphic file (type bmp)
<figures/背景图.jpg>
 [60]
File: figures/背景图.jpg Graphic file (type bmp)
<figures/背景图.jpg>
 [61]
File: figures/背景图.jpg Graphic file (type bmp)
<figures/背景图.jpg>
 [62]
File: figures/背景图.jpg Graphic file (type bmp)
<figures/背景图.jpg>
 [63]
File: figures/背景图.jpg Graphic file (type bmp)
<figures/背景图.jpg>
 [64]
File: figures/图片22.jpg Graphic file (type bmp)
<figures/图片22.jpg>
File: figures/背景图.jpg Graphic file (type bmp)
<figures/背景图.jpg>
 [65]
File: figures/图片23.jpg Graphic file (type bmp)
<figures/图片23.jpg>
File: figures/图片24.jpg Graphic file (type bmp)
<figures/图片24.jpg>
File: figures/图片25.jpg Graphic file (type bmp)
<figures/图片25.jpg>
File: figures/背景图.jpg Graphic file (type bmp)
<figures/背景图.jpg>
 [66]
File: figures/图片26.jpg Graphic file (type bmp)
<figures/图片26.jpg>
File: figures/背景图.jpg Graphic file (type bmp)
<figures/背景图.jpg>
 [67]
(d:/Program Files (x86)/Work applications/texlive/2026/texmf-dist/tex/latex/lis
tings/lstlang1.sty
File: lstlang1.sty 2025/11/14 1.11b listings language file
)
Package hyperref Info: bookmark level for unknown lstlisting defaults to 0 on i
nput line 343.
 (./code/model/q2_efa.py
File: figures/背景图.jpg Graphic file (type bmp)
<figures/背景图.jpg>
 [68]
File: figures/背景图.jpg Graphic file (type bmp)
<figures/背景图.jpg>
 [69]
File: figures/背景图.jpg Graphic file (type bmp)
<figures/背景图.jpg>
 [70])
(./code/model/q3_cluster.py
File: figures/背景图.jpg Graphic file (type bmp)
<figures/背景图.jpg>
 [71]
File: figures/背景图.jpg Graphic file (type bmp)
<figures/背景图.jpg>
 [72]) (./code/model/q4_logistic.py
File: figures/背景图.jpg Graphic file (type bmp)
<figures/背景图.jpg>
 [73]
File: figures/背景图.jpg Graphic file (type bmp)
<figures/背景图.jpg>

[74]
File: figures/背景图.jpg Graphic file (type bmp)
<figures/背景图.jpg>
 [75]
File: figures/背景图.jpg Graphic file (type bmp)
<figures/背景图.jpg>
 [76]) (./code/model/q7_sem.py
File: figures/背景图.jpg Graphic file (type bmp)
<figures/背景图.jpg>
 [77]
File: figures/背景图.jpg Graphic file (type bmp)
<figures/背景图.jpg>
 [78]))
File: figures/背景图.jpg Graphic file (type bmp)
<figures/背景图.jpg>
 [79] (out/article.aux)
 ***********
LaTeX2e <2025-11-01>
L3 programming layer <2022/08/05>
 ***********


LaTeX Font Warning: Some font shapes were not available, defaults substituted.

Package rerunfilecheck Info: File `article.out' has not changed.
(rerunfilecheck)             Checksum: FAEEC7B5BA8DC41668C815A09AC3DB9C;8407.
 ) 
Here is how much of TeX's memory you used:
 38528 strings out of 468168
 861317 string characters out of 5418930
 1896884 words of memory out of 5000000
 66431 multiletter control sequences out of 15000+600000
 649242 words of font info for 184 fonts, out of 8000000 for 9000
 1348 hyphenation exceptions out of 8191
 113i,16n,125p,500b,2280s stack positions out of 10000i,1000n,20000p,200000b,200000s

Output written on out/article.xdv (79 pages, 1444820 bytes).
