\BOOKMARK [1][]{section.1}{\376\377\116\000\060\001\000\040\230\171\166\356\173\200\116\313}{}% 1
\BOOKMARK [2][]{subsection.1.1}{\376\377\0001\000.\0001\000\040\214\003\147\345\200\314\146\157}{section.1}% 2
\BOOKMARK [2][]{subsection.1.2}{\376\377\0001\000.\0002\000\040\145\207\163\056\176\374\217\360\116\016\170\024\172\166\177\072\123\343}{section.1}% 3
\BOOKMARK [2][]{subsection.1.3}{\376\377\0001\000.\0003\000\040\214\003\147\345\166\356\166\204}{section.1}% 4
\BOOKMARK [2][]{subsection.1.4}{\376\377\0001\000.\0004\000\040\214\003\147\345\141\017\116\111}{section.1}% 5
\BOOKMARK [1][]{section.2}{\376\377\116\214\060\001\000\040\214\003\147\345\145\271\150\110\213\276\213\241}{}% 6
\BOOKMARK [2][]{subsection.2.1}{\376\377\0002\000.\0001\000\040\214\003\147\345\133\371\214\141\123\312\203\003\126\364\165\114\133\232}{section.2}% 7
\BOOKMARK [2][]{subsection.2.2}{\376\377\0002\000.\0002\000\040\214\003\147\345\145\271\154\325}{section.2}% 8
\BOOKMARK [2][]{subsection.2.3}{\376\377\0002\000.\0003\000\040\170\024\172\166\213\276\213\241}{section.2}% 9
\BOOKMARK [2][]{subsection.2.4}{\376\377\0002\000.\0004\000\040\150\067\147\054\133\271\221\317\170\156\133\232}{section.2}% 10
\BOOKMARK [2][]{subsection.2.5}{\376\377\0002\000.\0005\000\040\225\356\123\167\126\336\145\066\140\305\121\265}{section.2}% 11
\BOOKMARK [2][]{subsection.2.6}{\376\377\0002\000.\0006\000\040\225\356\123\167\213\357\135\356\122\006\147\220}{section.2}% 12
\BOOKMARK [1][]{section.3}{\376\377\116\011\060\001\000\040\145\160\143\156\230\204\131\004\164\006}{}% 13
\BOOKMARK [2][]{subsection.3.1}{\376\377\0003\000.\0001\000\040\145\160\143\156\156\005\155\027}{section.3}% 14
\BOOKMARK [2][]{subsection.3.2}{\376\377\0003\000.\0002\000\040\177\072\131\061\120\074\131\004\164\006}{section.3}% 15
\BOOKMARK [2][]{subsection.3.3}{\376\377\0003\000.\0003\000\040\145\160\143\156\177\026\170\001}{section.3}% 16
\BOOKMARK [1][]{section.4}{\376\377\126\333\060\001\000\040\225\356\123\167\215\050\221\317\122\006\147\220}{}% 17
\BOOKMARK [2][]{subsection.4.1}{\376\377\0004\000.\0001\000\040\226\217\147\072\140\047\150\300\232\214}{section.4}% 18
\BOOKMARK [2][]{subsection.4.2}{\376\377\0004\000.\0002\000\040\166\370\121\163\140\047\122\006\147\220}{section.4}% 19
\BOOKMARK [2][]{subsection.4.3}{\376\377\0004\000.\0003\000\040\117\341\136\246\122\006\147\220}{section.4}% 20
\BOOKMARK [2][]{subsection.4.4}{\376\377\0004\000.\0004\000\040\145\110\136\246\150\300\232\214}{section.4}% 21
\BOOKMARK [1][]{section.5}{\376\377\116\224\060\001\000\040\143\317\217\360\140\047\176\337\213\241\122\006\147\220}{}% 22
\BOOKMARK [2][]{subsection.5.1}{\376\377\0005\000.\0001\000\040\123\327\213\277\200\005\150\067\147\054\162\171\137\201\122\006\147\220}{section.5}% 23
\BOOKMARK [2][]{subsection.5.2}{\376\377\0005\000.\0002\000\040\126\152\130\360\146\264\227\062\116\016\141\037\167\345\145\164\117\123\140\305\121\265}{section.5}% 24
\BOOKMARK [2][]{subsection.5.3}{\376\377\0005\000.\0003\000\040\130\360\163\257\130\203\213\244\167\345\163\260\162\266}{section.5}% 25
\BOOKMARK [1][]{section.6}{\376\377\121\155\060\001\000\040\126\152\130\360\137\161\124\315\176\364\136\246\166\204\143\242\175\042\140\047\126\340\133\120\122\006\147\220\226\115\176\364}{}% 26
\BOOKMARK [2][]{subsection.6.1}{\376\377\0006\000.\0001\000\040\220\002\165\050\140\047\150\300\232\214}{section.6}% 27
\BOOKMARK [2][]{subsection.6.2}{\376\377\0006\000.\0002\000\040\126\152\130\360\137\161\124\315\166\204\126\333\176\364\126\340\133\120\211\343\147\204}{section.6}% 28
\BOOKMARK [2][]{subsection.6.3}{\376\377\0006\000.\0003\000\040\121\154\126\340\133\120\137\227\122\006\213\241\173\227}{section.6}% 29
\BOOKMARK [1][]{section.7}{\376\377\116\003\060\001\000\040\126\152\130\360\141\037\167\345\116\272\177\244\166\204\200\132\174\173\122\006\147\220}{}% 30
\BOOKMARK [2][]{subsection.7.1}{\376\377\0007\000.\0001\000\040\200\132\174\173\145\271\154\325\116\016\147\000\117\030\174\173\122\053\145\160\170\156\133\232}{section.7}% 31
\BOOKMARK [2][]{subsection.7.2}{\376\377\0007\000.\0002\000\040\200\132\174\173\176\323\147\234\116\016\116\272\177\244\165\073\120\317}{section.7}% 32
\BOOKMARK [1][]{section.8}{\376\377\121\153\060\001\000\040\127\372\116\216\147\011\136\217\000L\000o\000g\000i\000s\000t\000i\000c\126\336\137\122\166\204\130\360\163\257\130\203\156\341\141\017\136\246\137\161\124\315\126\340\175\040\122\006\147\220}{}% 33
\BOOKMARK [2][]{subsection.8.1}{\376\377\0008\000.\0001\000\040\123\330\221\317\133\232\116\111}{section.8}% 34
\BOOKMARK [2][]{subsection.8.2}{\376\377\0008\000.\0002\000\040\147\011\136\217\000L\000o\000g\000i\000s\000t\000i\000c\126\336\137\122\152\041\127\213\213\276\133\232}{section.8}% 35
\BOOKMARK [2][]{subsection.8.3}{\376\377\0008\000.\0003\000\040\152\041\127\213\150\300\232\214}{section.8}% 36
\BOOKMARK [2][]{subsection.8.4}{\376\377\0008\000.\0004\000\040\126\336\137\122\176\323\147\234\122\006\147\220}{section.8}% 37
\BOOKMARK [2][]{subsection.8.5}{\376\377\0008\000.\0005\000\040\152\041\127\213\172\063\120\145\140\047\150\300\232\214}{section.8}% 38
\BOOKMARK [1][]{section.9}{\376\377\116\135\060\001\000\040\127\372\116\216\176\323\147\204\145\271\172\013\152\041\127\213\166\204\126\152\130\360\137\161\124\315\117\040\133\374\147\072\122\066}{}% 39
\BOOKMARK [2][]{subsection.9.1}{\376\377\0009\000.\0001\000\040\152\041\127\213\213\276\133\232}{section.9}% 40
\BOOKMARK [2][]{subsection.9.2}{\376\377\0009\000.\0002\000\040\152\041\127\213\142\337\124\010\116\016\215\357\137\204\122\006\147\220}{section.9}% 41
\BOOKMARK [1][]{section.10}{\376\377\123\101\060\001\000\040\121\263\173\126\151\202\163\207\116\016\154\273\164\006\136\372\213\256}{}% 42
\BOOKMARK [2][]{subsection.10.1}{\376\377\0001\0000\000.\0001\000\040\127\372\176\277\121\263\173\126\151\202\163\207}{section.10}% 43
\BOOKMARK [2][]{subsection.10.2}{\376\377\0001\0000\000.\0002\000\040\123\357\136\162\230\204\123\330\221\317\166\204\136\163\127\107\217\271\226\105\145\110\136\224}{section.10}% 44
\BOOKMARK [2][]{subsection.10.3}{\376\377\0001\0000\000.\0003\000\040\177\244\117\123\121\263\173\126\151\202\163\207\135\356\137\002}{section.10}% 45
\BOOKMARK [2][]{subsection.10.4}{\376\377\0001\0000\000.\0004\000\040\154\273\164\006\136\372\213\256\166\204\221\317\123\026\117\235\143\156}{section.10}% 46
\BOOKMARK [1][]{section.11}{\376\377\123\101\116\000\060\001\000\040\176\323\213\272\116\016\117\030\123\026\136\372\213\256}{}% 47
\BOOKMARK [2][]{subsection.11.1}{\376\377\0001\0001\000.\0001\000\040\170\024\172\166\140\073\176\323}{section.11}% 48
\BOOKMARK [2][]{subsection.11.2}{\376\377\0001\0001\000.\0002\000\040\117\030\123\026\136\372\213\256}{section.11}% 49
\BOOKMARK [1][]{section.12}{\376\377\123\101\116\214\060\001\000\040\170\024\172\166\134\100\226\120\116\016\134\125\147\033}{}% 50
\BOOKMARK [2][]{subsection.12.1}{\376\377\0001\0002\000.\0001\000\040\170\024\172\166\134\100\226\120}{section.12}% 51
\BOOKMARK [2][]{subsection.12.2}{\376\377\0001\0002\000.\0002\000\040\170\024\172\166\134\125\147\033}{section.12}% 52
\BOOKMARK [1][]{section*.50}{\376\377\123\302\200\003\145\207\163\056}{}% 53
\BOOKMARK [1][]{appendix.1.A}{\376\377\226\104\137\125\000\040\000A\000\040\214\003\147\345\225\356\123\167}{}% 54
\BOOKMARK [1][]{appendix.1.B}{\376\377\226\104\137\125\000\040\000B\000\040\213\277\214\010\213\260\137\125\210\150}{}% 55
\BOOKMARK [2][]{subsection.1.B.1}{\376\377\0002\000.\0001\000\040\213\277\214\010\116\272\162\151\0001}{appendix.1.B}% 56
\BOOKMARK [2][]{subsection.1.B.2}{\376\377\0002\000.\0002\000\040\213\277\214\010\116\272\162\151\0002}{appendix.1.B}% 57
\BOOKMARK [1][]{appendix.1.C}{\376\377\226\104\137\125\000\040\000C\000\040\214\003\170\024\217\307\172\013\213\260\137\125}{}% 58
\BOOKMARK [1][]{appendix.1.D}{\376\377\226\104\137\125\000\040\000D\000\040\150\070\137\303\116\343\170\001}{}% 59
\BOOKMARK [2][]{subsection.1.D.1}{\376\377\0004\000.\0001\000\040\143\242\175\042\140\047\126\340\133\120\122\006\147\220}{appendix.1.D}% 60
\BOOKMARK [2][]{subsection.1.D.2}{\376\377\0004\000.\0002\000\040\200\132\174\173\122\006\147\220}{appendix.1.D}% 61
\BOOKMARK [2][]{subsection.1.D.3}{\376\377\0004\000.\0003\000\040\147\011\136\217\000L\000o\000g\000i\000s\000t\000i\000c\126\336\137\122}{appendix.1.D}% 62
\BOOKMARK [2][]{subsection.1.D.4}{\376\377\0004\000.\0004\000\040\176\323\147\204\145\271\172\013\152\041\127\213}{appendix.1.D}% 63
